<?xml version="1.0"?>
<link_info>
   <banner>TI ARM Linker PC v5.2.6</banner>
   <copyright>Copyright (c) 1996-2015 Texas Instruments Incorporated</copyright>
   <link_time>0x5914c01b</link_time>
   <link_errors>0x1</link_errors>
   <output_file>EnergyMeter.out</output_file>
   <entry_point>
      <name>_c_int00</name>
      <address>0x5435</address>
   </entry_point>
   <input_file_list>
      <input_file id="fl-8">
         <path>.\</path>
         <kind>object</kind>
         <file>tm4c123gh6pm_startup_ccs.obj</file>
         <name>tm4c123gh6pm_startup_ccs.obj</name>
      </input_file>
      <input_file id="fl-f">
         <path>C:\ti\TivaWare_C_Series-2.1.2.111\driverlib\ccs\Debug\</path>
         <kind>archive</kind>
         <file>driverlib.lib</file>
         <name>gpio.obj</name>
      </input_file>
      <input_file id="fl-10">
         <path>C:\ti\TivaWare_C_Series-2.1.2.111\driverlib\ccs\Debug\</path>
         <kind>archive</kind>
         <file>driverlib.lib</file>
         <name>i2c.obj</name>
      </input_file>
      <input_file id="fl-11">
         <path>C:\ti\TivaWare_C_Series-2.1.2.111\driverlib\ccs\Debug\</path>
         <kind>archive</kind>
         <file>driverlib.lib</file>
         <name>interrupt.obj</name>
      </input_file>
      <input_file id="fl-12">
         <path>C:\ti\TivaWare_C_Series-2.1.2.111\driverlib\ccs\Debug\</path>
         <kind>archive</kind>
         <file>driverlib.lib</file>
         <name>sysctl.obj</name>
      </input_file>
      <input_file id="fl-13">
         <path>C:\ti\TivaWare_C_Series-2.1.2.111\driverlib\ccs\Debug\</path>
         <kind>archive</kind>
         <file>driverlib.lib</file>
         <name>timer.obj</name>
      </input_file>
      <input_file id="fl-14">
         <path>C:\ti\TivaWare_C_Series-2.1.2.111\driverlib\ccs\Debug\</path>
         <kind>archive</kind>
         <file>driverlib.lib</file>
         <name>uart.obj</name>
      </input_file>
      <input_file id="fl-15">
         <path>C:\ti\TivaWare_C_Series-2.1.2.111\driverlib\ccs\Debug\</path>
         <kind>archive</kind>
         <file>driverlib.lib</file>
         <name>cpu.obj</name>
      </input_file>
      <input_file id="fl-137">
         <path>D:\ti\ccsv6\tools\compiler\ti-cgt-arm_5.2.6\lib\</path>
         <kind>archive</kind>
         <file>rtsv7M4_T_le_v4SPD16_eabi.lib</file>
         <name>boot.obj</name>
      </input_file>
      <input_file id="fl-13b">
         <path>D:\ti\ccsv6\tools\compiler\ti-cgt-arm_5.2.6\lib\</path>
         <kind>archive</kind>
         <file>rtsv7M4_T_le_v4SPD16_eabi.lib</file>
         <name>exit.obj</name>
      </input_file>
      <input_file id="fl-13c">
         <path>D:\ti\ccsv6\tools\compiler\ti-cgt-arm_5.2.6\lib\</path>
         <kind>archive</kind>
         <file>rtsv7M4_T_le_v4SPD16_eabi.lib</file>
         <name>fd_mul_t2.obj</name>
      </input_file>
      <input_file id="fl-13d">
         <path>D:\ti\ccsv6\tools\compiler\ti-cgt-arm_5.2.6\lib\</path>
         <kind>archive</kind>
         <file>rtsv7M4_T_le_v4SPD16_eabi.lib</file>
         <name>fs_tod_t2.obj</name>
      </input_file>
      <input_file id="fl-13e">
         <path>D:\ti\ccsv6\tools\compiler\ti-cgt-arm_5.2.6\lib\</path>
         <kind>archive</kind>
         <file>rtsv7M4_T_le_v4SPD16_eabi.lib</file>
         <name>ll_mul_t2.obj</name>
      </input_file>
      <input_file id="fl-13f">
         <path>D:\ti\ccsv6\tools\compiler\ti-cgt-arm_5.2.6\lib\</path>
         <kind>archive</kind>
         <file>rtsv7M4_T_le_v4SPD16_eabi.lib</file>
         <name>memcpy_t2.obj</name>
      </input_file>
      <input_file id="fl-140">
         <path>D:\ti\ccsv6\tools\compiler\ti-cgt-arm_5.2.6\lib\</path>
         <kind>archive</kind>
         <file>rtsv7M4_T_le_v4SPD16_eabi.lib</file>
         <name>memset_t2.obj</name>
      </input_file>
      <input_file id="fl-144">
         <path>D:\ti\ccsv6\tools\compiler\ti-cgt-arm_5.2.6\lib\</path>
         <kind>archive</kind>
         <file>rtsv7M4_T_le_v4SPD16_eabi.lib</file>
         <name>ull_div_t2.obj</name>
      </input_file>
      <input_file id="fl-147">
         <path>D:\ti\ccsv6\tools\compiler\ti-cgt-arm_5.2.6\lib\</path>
         <kind>archive</kind>
         <file>rtsv7M4_T_le_v4SPD16_eabi.lib</file>
         <name>args_main.obj</name>
      </input_file>
      <input_file id="fl-149">
         <path>D:\ti\ccsv6\tools\compiler\ti-cgt-arm_5.2.6\lib\</path>
         <kind>archive</kind>
         <file>rtsv7M4_T_le_v4SPD16_eabi.lib</file>
         <name>autoinit.obj</name>
      </input_file>
      <input_file id="fl-14c">
         <path>D:\ti\ccsv6\tools\compiler\ti-cgt-arm_5.2.6\lib\</path>
         <kind>archive</kind>
         <file>rtsv7M4_T_le_v4SPD16_eabi.lib</file>
         <name>fd_add_t2.obj</name>
      </input_file>
      <input_file id="fl-14d">
         <path>D:\ti\ccsv6\tools\compiler\ti-cgt-arm_5.2.6\lib\</path>
         <kind>archive</kind>
         <file>rtsv7M4_T_le_v4SPD16_eabi.lib</file>
         <name>fd_cmp_t2.obj</name>
      </input_file>
      <input_file id="fl-14e">
         <path>D:\ti\ccsv6\tools\compiler\ti-cgt-arm_5.2.6\lib\</path>
         <kind>archive</kind>
         <file>rtsv7M4_T_le_v4SPD16_eabi.lib</file>
         <name>fd_div_t2.obj</name>
      </input_file>
      <input_file id="fl-14f">
         <path>D:\ti\ccsv6\tools\compiler\ti-cgt-arm_5.2.6\lib\</path>
         <kind>archive</kind>
         <file>rtsv7M4_T_le_v4SPD16_eabi.lib</file>
         <name>fd_toi_t2.obj</name>
      </input_file>
      <input_file id="fl-151">
         <path>D:\ti\ccsv6\tools\compiler\ti-cgt-arm_5.2.6\lib\</path>
         <kind>archive</kind>
         <file>rtsv7M4_T_le_v4SPD16_eabi.lib</file>
         <name>i_tofd_t2.obj</name>
      </input_file>
      <input_file id="fl-161">
         <path>C:\Users\radek\AppData\Local\Temp\</path>
         <kind>object</kind>
         <file>075402</file>
         <name>075402</name>
      </input_file>
   </input_file_list>
   <object_component_list>
      <object_component id="oc-f">
         <name>.intvecs</name>
         <load_address>0x0</load_address>
         <run_address>0x0</run_address>
         <size>0x26c</size>
         <input_file_ref idref="fl-8"/>
      </object_component>
      <object_component id="oc-dd">
         <name>.text:main</name>
         <load_address>0x270</load_address>
         <run_address>0x270</run_address>
         <size>0x2466</size>
         <input_file_ref idref="fl-6"/>
      </object_component>
      <object_component id="oc-17e">
         <name>.text</name>
         <load_address>0x26d6</load_address>
         <run_address>0x26d6</run_address>
         <size>0x2</size>
         <input_file_ref idref="fl-145"/>
      </object_component>
      <object_component id="oc-1c3">
         <name>.text</name>
         <load_address>0x26d8</load_address>
         <run_address>0x26d8</run_address>
         <size>0x19c0</size>
         <input_file_ref idref="fl-146"/>
      </object_component>
      <object_component id="oc-42">
         <name>.text:Timer0IntHandler</name>
         <load_address>0x4098</load_address>
         <run_address>0x4098</run_address>
         <size>0x62a</size>
         <input_file_ref idref="fl-6"/>
      </object_component>
      <object_component id="oc-161">
         <name>.text</name>
         <load_address>0x46c2</load_address>
         <run_address>0x46c2</run_address>
         <size>0x1f4</size>
         <input_file_ref idref="fl-144"/>
      </object_component>
      <object_component id="oc-201">
         <name>.text</name>
         <load_address>0x48b6</load_address>
         <run_address>0x48b6</run_address>
         <size>0x1b6</size>
         <input_file_ref idref="fl-14c"/>
      </object_component>
      <object_component id="oc-1e7">
         <name>.text</name>
         <load_address>0x4a6c</load_address>
         <run_address>0x4a6c</run_address>
         <size>0x136</size>
         <input_file_ref idref="fl-14e"/>
      </object_component>
      <object_component id="oc-130">
         <name>.text:GPIOPadConfigSet</name>
         <load_address>0x4ba2</load_address>
         <run_address>0x4ba2</run_address>
         <size>0x132</size>
         <input_file_ref idref="fl-f"/>
      </object_component>
      <object_component id="oc-118">
         <name>.text:SysCtlClockGet</name>
         <load_address>0x4cd4</load_address>
         <run_address>0x4cd4</run_address>
         <size>0x110</size>
         <input_file_ref idref="fl-12"/>
      </object_component>
      <object_component id="oc-171">
         <name>.text</name>
         <load_address>0x4de4</load_address>
         <run_address>0x4de4</run_address>
         <size>0xfc</size>
         <input_file_ref idref="fl-13c"/>
      </object_component>
      <object_component id="oc-100">
         <name>.text:SysCtlClockSet</name>
         <load_address>0x4ee0</load_address>
         <run_address>0x4ee0</run_address>
         <size>0xf4</size>
         <input_file_ref idref="fl-12"/>
      </object_component>
      <object_component id="oc-4b">
         <name>.text</name>
         <load_address>0x4fd4</load_address>
         <run_address>0x4fd4</run_address>
         <size>0x9c</size>
         <input_file_ref idref="fl-13f"/>
      </object_component>
      <object_component id="oc-1e2">
         <name>.text:__aeabi_cdcmple</name>
         <load_address>0x5070</load_address>
         <run_address>0x5070</run_address>
         <size>0x86</size>
         <input_file_ref idref="fl-14d"/>
      </object_component>
      <object_component id="oc-1ec">
         <name>.text:__aeabi_cdrcmple</name>
         <load_address>0x50f6</load_address>
         <run_address>0x50f6</run_address>
         <size>0x86</size>
         <input_file_ref idref="fl-14d"/>
      </object_component>
      <object_component id="oc-59">
         <name>.text</name>
         <load_address>0x517c</load_address>
         <run_address>0x517c</run_address>
         <size>0x7a</size>
         <input_file_ref idref="fl-140"/>
      </object_component>
      <object_component id="oc-6b">
         <name>.text</name>
         <load_address>0x51f8</load_address>
         <run_address>0x51f8</run_address>
         <size>0x6c</size>
         <input_file_ref idref="fl-149"/>
      </object_component>
      <object_component id="oc-142">
         <name>.text:IntEnable</name>
         <load_address>0x5264</load_address>
         <run_address>0x5264</run_address>
         <size>0x68</size>
         <input_file_ref idref="fl-11"/>
      </object_component>
      <object_component id="oc-136">
         <name>.text:TimerConfigure</name>
         <load_address>0x52cc</load_address>
         <run_address>0x52cc</run_address>
         <size>0x60</size>
         <input_file_ref idref="fl-13"/>
      </object_component>
      <object_component id="oc-18">
         <name>.text:decompress:rle24</name>
         <load_address>0x532c</load_address>
         <run_address>0x532c</run_address>
         <size>0x5e</size>
         <input_file_ref idref="fl-139"/>
      </object_component>
      <object_component id="oc-1f6">
         <name>.text</name>
         <load_address>0x538a</load_address>
         <run_address>0x538a</run_address>
         <size>0x56</size>
         <input_file_ref idref="fl-153"/>
      </object_component>
      <object_component id="oc-166">
         <name>.text</name>
         <load_address>0x53e0</load_address>
         <run_address>0x53e0</run_address>
         <size>0x52</size>
         <input_file_ref idref="fl-142"/>
      </object_component>
      <object_component id="oc-24">
         <name>.text</name>
         <load_address>0x5434</load_address>
         <run_address>0x5434</run_address>
         <size>0x50</size>
         <input_file_ref idref="fl-137"/>
      </object_component>
      <object_component id="oc-d5">
         <name>.text</name>
         <load_address>0x5484</load_address>
         <run_address>0x5484</run_address>
         <size>0x4c</size>
         <input_file_ref idref="fl-14a"/>
      </object_component>
      <object_component id="oc-10c">
         <name>.text:GPIOPinConfigure</name>
         <load_address>0x54d0</load_address>
         <run_address>0x54d0</run_address>
         <size>0x48</size>
         <input_file_ref idref="fl-f"/>
      </object_component>
      <object_component id="oc-1f1">
         <name>.text</name>
         <load_address>0x5518</load_address>
         <run_address>0x5518</run_address>
         <size>0x48</size>
         <input_file_ref idref="fl-14f"/>
      </object_component>
      <object_component id="oc-11e">
         <name>.text:UARTConfigSetExpClk</name>
         <load_address>0x5560</load_address>
         <run_address>0x5560</run_address>
         <size>0x46</size>
         <input_file_ref idref="fl-14"/>
      </object_component>
      <object_component id="oc-77">
         <name>.text</name>
         <load_address>0x55a8</load_address>
         <run_address>0x55a8</run_address>
         <size>0x44</size>
         <input_file_ref idref="fl-13b"/>
      </object_component>
      <object_component id="oc-16c">
         <name>.text</name>
         <load_address>0x55ec</load_address>
         <run_address>0x55ec</run_address>
         <size>0x38</size>
         <input_file_ref idref="fl-13d"/>
      </object_component>
      <object_component id="oc-106">
         <name>.text:SysCtlPeripheralEnable</name>
         <load_address>0x5624</load_address>
         <run_address>0x5624</run_address>
         <size>0x34</size>
         <input_file_ref idref="fl-12"/>
      </object_component>
      <object_component id="oc-1fc">
         <name>.text</name>
         <load_address>0x5658</load_address>
         <run_address>0x5658</run_address>
         <size>0x2e</size>
         <input_file_ref idref="fl-151"/>
      </object_component>
      <object_component id="oc-195">
         <name>.text:GPIODirModeSet</name>
         <load_address>0x5686</load_address>
         <run_address>0x5686</run_address>
         <size>0x2a</size>
         <input_file_ref idref="fl-f"/>
      </object_component>
      <object_component id="oc-1a0">
         <name>.text:UARTDisable</name>
         <load_address>0x56b0</load_address>
         <run_address>0x56b0</run_address>
         <size>0x20</size>
         <input_file_ref idref="fl-14"/>
      </object_component>
      <object_component id="oc-124">
         <name>.text:GPIOPinTypeGPIOOutput</name>
         <load_address>0x56d0</load_address>
         <run_address>0x56d0</run_address>
         <size>0x18</size>
         <input_file_ref idref="fl-f"/>
      </object_component>
      <object_component id="oc-71">
         <name>.text</name>
         <load_address>0x56e8</load_address>
         <run_address>0x56e8</run_address>
         <size>0x18</size>
         <input_file_ref idref="fl-147"/>
      </object_component>
      <object_component id="oc-91">
         <name>.text</name>
         <load_address>0x5700</load_address>
         <run_address>0x5700</run_address>
         <size>0x18</size>
         <input_file_ref idref="fl-13e"/>
      </object_component>
      <object_component id="oc-1a6">
         <name>.text:UARTEnable</name>
         <load_address>0x5718</load_address>
         <run_address>0x5718</run_address>
         <size>0x14</size>
         <input_file_ref idref="fl-14"/>
      </object_component>
      <object_component id="oc-12a">
         <name>.text:GPIOPinTypeGPIOInput</name>
         <load_address>0x572c</load_address>
         <run_address>0x572c</run_address>
         <size>0x12</size>
         <input_file_ref idref="fl-f"/>
      </object_component>
      <object_component id="oc-112">
         <name>.text:GPIOPinTypeUART</name>
         <load_address>0x573e</load_address>
         <run_address>0x573e</run_address>
         <size>0x12</size>
         <input_file_ref idref="fl-f"/>
      </object_component>
      <object_component id="oc-13c">
         <name>.text:TimerLoadSet</name>
         <load_address>0x5750</load_address>
         <run_address>0x5750</run_address>
         <size>0x12</size>
         <input_file_ref idref="fl-13"/>
      </object_component>
      <object_component id="oc-14e">
         <name>.text:IntMasterEnable</name>
         <load_address>0x5762</load_address>
         <run_address>0x5762</run_address>
         <size>0x10</size>
         <input_file_ref idref="fl-11"/>
      </object_component>
      <object_component id="oc-154">
         <name>.text:TimerEnable</name>
         <load_address>0x5772</load_address>
         <run_address>0x5772</run_address>
         <size>0xe</size>
         <input_file_ref idref="fl-13"/>
      </object_component>
      <object_component id="oc-12">
         <name>.text:decompress:none</name>
         <load_address>0x5780</load_address>
         <run_address>0x5780</run_address>
         <size>0xe</size>
         <input_file_ref idref="fl-138"/>
      </object_component>
      <object_component id="oc-1b9">
         <name>.text:CPUcpsie</name>
         <load_address>0x578e</load_address>
         <run_address>0x578e</run_address>
         <size>0xc</size>
         <input_file_ref idref="fl-15"/>
      </object_component>
      <object_component id="oc-1e">
         <name>.text:decompress:ZI</name>
         <load_address>0x579a</load_address>
         <run_address>0x579a</run_address>
         <size>0xc</size>
         <input_file_ref idref="fl-13a"/>
      </object_component>
      <object_component id="oc-148">
         <name>.text:TimerIntEnable</name>
         <load_address>0x57a6</load_address>
         <run_address>0x57a6</run_address>
         <size>0x8</size>
         <input_file_ref idref="fl-13"/>
      </object_component>
      <object_component id="oc-15b">
         <name>.text:GPIOPinRead</name>
         <load_address>0x57ae</load_address>
         <run_address>0x57ae</run_address>
         <size>0x6</size>
         <input_file_ref idref="fl-f"/>
      </object_component>
      <object_component id="oc-85">
         <name>.text:TimerIntClear</name>
         <load_address>0x57b4</load_address>
         <run_address>0x57b4</run_address>
         <size>0x4</size>
         <input_file_ref idref="fl-13"/>
      </object_component>
      <object_component id="oc-2a">
         <name>.text:ResetISR</name>
         <load_address>0x57b8</load_address>
         <run_address>0x57b8</run_address>
         <size>0x6</size>
         <input_file_ref idref="fl-8"/>
      </object_component>
      <object_component id="oc-15a">
         <name>.text:SysCtlDelay</name>
         <load_address>0x57be</load_address>
         <run_address>0x57be</run_address>
         <size>0x6</size>
         <input_file_ref idref="fl-12"/>
      </object_component>
      <object_component id="oc-65">
         <name>.text</name>
         <load_address>0x57c4</load_address>
         <run_address>0x57c4</run_address>
         <size>0x4</size>
         <input_file_ref idref="fl-141"/>
      </object_component>
      <object_component id="oc-36">
         <name>.text:FaultISR</name>
         <load_address>0x57c8</load_address>
         <run_address>0x57c8</run_address>
         <size>0x2</size>
         <input_file_ref idref="fl-8"/>
      </object_component>
      <object_component id="oc-3c">
         <name>.text:IntDefaultHandler</name>
         <load_address>0x57d0</load_address>
         <run_address>0x57d0</run_address>
         <size>0x2</size>
         <input_file_ref idref="fl-8"/>
      </object_component>
      <object_component id="oc-30">
         <name>.text:NmiSR</name>
         <load_address>0x57d8</load_address>
         <run_address>0x57d8</run_address>
         <size>0x2</size>
         <input_file_ref idref="fl-8"/>
      </object_component>
      <object_component id="oc-212">
         <name>.const:.string:_ctypes_</name>
         <load_address>0x57dc</load_address>
         <run_address>0x57dc</run_address>
         <size>0x101</size>
         <input_file_ref idref="fl-14b"/>
      </object_component>
      <object_component id="oc-191">
         <name>.const:g_pui32GPIOBaseAddrs</name>
         <load_address>0x58e0</load_address>
         <run_address>0x58e0</run_address>
         <size>0x90</size>
         <input_file_ref idref="fl-f"/>
      </object_component>
      <object_component id="oc-1b3">
         <name>.const</name>
         <load_address>0x5970</load_address>
         <run_address>0x5970</run_address>
         <size>0x70</size>
         <input_file_ref idref="fl-11"/>
      </object_component>
      <object_component id="oc-19c">
         <name>.const:g_pui32Xtals</name>
         <load_address>0x59e0</load_address>
         <run_address>0x59e0</run_address>
         <size>0x6c</size>
         <input_file_ref idref="fl-12"/>
      </object_component>
      <object_component id="oc-259">
         <name>.cinit..data.load</name>
         <load_address>0x5a50</load_address>
         <run_address>0x5a50</run_address>
         <size>0x6c3</size>
      </object_component>
      <object_component id="oc-257">
         <name>__TI_handler_table</name>
         <load_address>0x6114</load_address>
         <run_address>0x6114</run_address>
         <size>0xc</size>
      </object_component>
      <object_component id="oc-25a">
         <name>.cinit..bss.load</name>
         <load_address>0x6120</load_address>
         <run_address>0x6120</run_address>
         <size>0x8</size>
      </object_component>
      <object_component id="oc-258">
         <name>__TI_cinit_table</name>
         <load_address>0x6128</load_address>
         <run_address>0x6128</run_address>
         <size>0x10</size>
      </object_component>
      <object_component id="oc-29">
         <name>.stack</name>
         <uninitialized>true</uninitialized>
         <run_address>0x20003a00</run_address>
         <size>0x0</size>
         <input_file_ref idref="fl-137"/>
      </object_component>
      <object_component id="oc-25b">
         <name>.stack</name>
         <uninitialized>true</uninitialized>
         <run_address>0x20003a00</run_address>
         <size>0x0</size>
      </object_component>
      <object_component id="oc-8e">
         <name>.bss</name>
         <uninitialized>true</uninitialized>
         <run_address>0x20004d88</run_address>
         <size>0x8</size>
         <input_file_ref idref="fl-2"/>
      </object_component>
      <object_component id="oc-e8">
         <name>.data</name>
         <load_address>0x200039e8</load_address>
         <run_address>0x200039e8</run_address>
         <size>0x8</size>
         <input_file_ref idref="fl-13b"/>
      </object_component>
      <object_component id="oc-8b">
         <name>.data</name>
         <load_address>0x20000000</load_address>
         <run_address>0x20000000</run_address>
         <size>0x38b0</size>
         <input_file_ref idref="fl-6"/>
      </object_component>
      <object_component id="oc-7d">
         <name>.data</name>
         <load_address>0x200039fc</load_address>
         <run_address>0x200039fc</run_address>
         <size>0x4</size>
         <input_file_ref idref="fl-143"/>
      </object_component>
      <object_component id="oc-206">
         <name>.data</name>
         <load_address>0x20003960</load_address>
         <run_address>0x20003960</run_address>
         <size>0x80</size>
         <input_file_ref idref="fl-15b"/>
      </object_component>
      <object_component id="oc-20f">
         <name>.data</name>
         <load_address>0x200039f8</load_address>
         <run_address>0x200039f8</run_address>
         <size>0x4</size>
         <input_file_ref idref="fl-15c"/>
      </object_component>
      <object_component id="oc-20c">
         <name>.data:sigtable$32</name>
         <load_address>0x200038b0</load_address>
         <run_address>0x200038b0</run_address>
         <size>0xb0</size>
         <input_file_ref idref="fl-15f"/>
      </object_component>
      <object_component id="oc-e5">
         <name>.data</name>
         <load_address>0x200039e0</load_address>
         <run_address>0x200039e0</run_address>
         <size>0x8</size>
         <input_file_ref idref="fl-145"/>
      </object_component>
      <object_component id="oc-209">
         <name>.data</name>
         <load_address>0x200039f0</load_address>
         <run_address>0x200039f0</run_address>
         <size>0x8</size>
         <input_file_ref idref="fl-15d"/>
      </object_component>
      <object_component id="oc-4a">
         <name>.debug_info</name>
         <load_address>0x0</load_address>
         <run_address>0x0</run_address>
         <size>0x11a</size>
         <input_file_ref idref="fl-8"/>
      </object_component>
      <object_component id="oc-10">
         <name>.debug_info</name>
         <load_address>0x11a</load_address>
         <run_address>0x11a</run_address>
         <size>0xd7</size>
         <input_file_ref idref="fl-8"/>
      </object_component>
      <object_component id="oc-2b">
         <name>.debug_info</name>
         <load_address>0x1f1</load_address>
         <run_address>0x1f1</run_address>
         <size>0x121</size>
         <input_file_ref idref="fl-8"/>
      </object_component>
      <object_component id="oc-31">
         <name>.debug_info</name>
         <load_address>0x312</load_address>
         <run_address>0x312</run_address>
         <size>0x112</size>
         <input_file_ref idref="fl-8"/>
      </object_component>
      <object_component id="oc-3d">
         <name>.debug_info</name>
         <load_address>0x424</load_address>
         <run_address>0x424</run_address>
         <size>0x12a</size>
         <input_file_ref idref="fl-8"/>
      </object_component>
      <object_component id="oc-37">
         <name>.debug_info</name>
         <load_address>0x54e</load_address>
         <run_address>0x54e</run_address>
         <size>0x118</size>
         <input_file_ref idref="fl-8"/>
      </object_component>
      <object_component id="oc-99">
         <name>.debug_info</name>
         <load_address>0x666</load_address>
         <run_address>0x666</run_address>
         <size>0x84</size>
         <input_file_ref idref="fl-8"/>
      </object_component>
      <object_component id="oc-9e">
         <name>.debug_info</name>
         <load_address>0x6ea</load_address>
         <run_address>0x6ea</run_address>
         <size>0x18b</size>
         <input_file_ref idref="fl-8"/>
      </object_component>
      <object_component id="oc-f7">
         <name>.debug_info</name>
         <load_address>0x875</load_address>
         <run_address>0x875</run_address>
         <size>0x230</size>
         <input_file_ref idref="fl-f"/>
      </object_component>
      <object_component id="oc-192">
         <name>.debug_info</name>
         <load_address>0xaa5</load_address>
         <run_address>0xaa5</run_address>
         <size>0x15b</size>
         <input_file_ref idref="fl-f"/>
      </object_component>
      <object_component id="oc-197">
         <name>.debug_info</name>
         <load_address>0xc00</load_address>
         <run_address>0xc00</run_address>
         <size>0x2b3</size>
         <input_file_ref idref="fl-f"/>
      </object_component>
      <object_component id="oc-132">
         <name>.debug_info</name>
         <load_address>0xeb3</load_address>
         <run_address>0xeb3</run_address>
         <size>0x316</size>
         <input_file_ref idref="fl-f"/>
      </object_component>
      <object_component id="oc-113">
         <name>.debug_info</name>
         <load_address>0x11c9</load_address>
         <run_address>0x11c9</run_address>
         <size>0x27b</size>
         <input_file_ref idref="fl-f"/>
      </object_component>
      <object_component id="oc-125">
         <name>.debug_info</name>
         <load_address>0x1444</load_address>
         <run_address>0x1444</run_address>
         <size>0x2b7</size>
         <input_file_ref idref="fl-f"/>
      </object_component>
      <object_component id="oc-12b">
         <name>.debug_info</name>
         <load_address>0x16fb</load_address>
         <run_address>0x16fb</run_address>
         <size>0x285</size>
         <input_file_ref idref="fl-f"/>
      </object_component>
      <object_component id="oc-15c">
         <name>.debug_info</name>
         <load_address>0x1980</load_address>
         <run_address>0x1980</run_address>
         <size>0x27b</size>
         <input_file_ref idref="fl-f"/>
      </object_component>
      <object_component id="oc-10d">
         <name>.debug_info</name>
         <load_address>0x1bfb</load_address>
         <run_address>0x1bfb</run_address>
         <size>0x280</size>
         <input_file_ref idref="fl-f"/>
      </object_component>
      <object_component id="oc-5f">
         <name>.debug_info</name>
         <load_address>0x1e7b</load_address>
         <run_address>0x1e7b</run_address>
         <size>0x8b</size>
         <input_file_ref idref="fl-f"/>
      </object_component>
      <object_component id="oc-c9">
         <name>.debug_info</name>
         <load_address>0x1f06</load_address>
         <run_address>0x1f06</run_address>
         <size>0x4e</size>
         <input_file_ref idref="fl-f"/>
      </object_component>
      <object_component id="oc-1b7">
         <name>.debug_info</name>
         <load_address>0x1f54</load_address>
         <run_address>0x1f54</run_address>
         <size>0x20e</size>
         <input_file_ref idref="fl-11"/>
      </object_component>
      <object_component id="oc-1b4">
         <name>.debug_info</name>
         <load_address>0x2162</load_address>
         <run_address>0x2162</run_address>
         <size>0x210</size>
         <input_file_ref idref="fl-11"/>
      </object_component>
      <object_component id="oc-14f">
         <name>.debug_info</name>
         <load_address>0x2372</load_address>
         <run_address>0x2372</run_address>
         <size>0x23e</size>
         <input_file_ref idref="fl-11"/>
      </object_component>
      <object_component id="oc-143">
         <name>.debug_info</name>
         <load_address>0x25b0</load_address>
         <run_address>0x25b0</run_address>
         <size>0x268</size>
         <input_file_ref idref="fl-11"/>
      </object_component>
      <object_component id="oc-18f">
         <name>.debug_info</name>
         <load_address>0x2818</load_address>
         <run_address>0x2818</run_address>
         <size>0x27f</size>
         <input_file_ref idref="fl-12"/>
      </object_component>
      <object_component id="oc-19d">
         <name>.debug_info</name>
         <load_address>0x2a97</load_address>
         <run_address>0x2a97</run_address>
         <size>0x14d</size>
         <input_file_ref idref="fl-12"/>
      </object_component>
      <object_component id="oc-107">
         <name>.debug_info</name>
         <load_address>0x2be4</load_address>
         <run_address>0x2be4</run_address>
         <size>0x27d</size>
         <input_file_ref idref="fl-12"/>
      </object_component>
      <object_component id="oc-101">
         <name>.debug_info</name>
         <load_address>0x2e61</load_address>
         <run_address>0x2e61</run_address>
         <size>0x2db</size>
         <input_file_ref idref="fl-12"/>
      </object_component>
      <object_component id="oc-119">
         <name>.debug_info</name>
         <load_address>0x313c</load_address>
         <run_address>0x313c</run_address>
         <size>0x2b5</size>
         <input_file_ref idref="fl-12"/>
      </object_component>
      <object_component id="oc-1cf">
         <name>.debug_info</name>
         <load_address>0x33f1</load_address>
         <run_address>0x33f1</run_address>
         <size>0x5f</size>
         <input_file_ref idref="fl-12"/>
      </object_component>
      <object_component id="oc-f1">
         <name>.debug_info</name>
         <load_address>0x3450</load_address>
         <run_address>0x3450</run_address>
         <size>0x223</size>
         <input_file_ref idref="fl-13"/>
      </object_component>
      <object_component id="oc-13d">
         <name>.debug_info</name>
         <load_address>0x3673</load_address>
         <run_address>0x3673</run_address>
         <size>0x2ba</size>
         <input_file_ref idref="fl-13"/>
      </object_component>
      <object_component id="oc-149">
         <name>.debug_info</name>
         <load_address>0x392d</load_address>
         <run_address>0x392d</run_address>
         <size>0x294</size>
         <input_file_ref idref="fl-13"/>
      </object_component>
      <object_component id="oc-86">
         <name>.debug_info</name>
         <load_address>0x3bc1</load_address>
         <run_address>0x3bc1</run_address>
         <size>0x292</size>
         <input_file_ref idref="fl-13"/>
      </object_component>
      <object_component id="oc-155">
         <name>.debug_info</name>
         <load_address>0x3e53</load_address>
         <run_address>0x3e53</run_address>
         <size>0x27f</size>
         <input_file_ref idref="fl-13"/>
      </object_component>
      <object_component id="oc-137">
         <name>.debug_info</name>
         <load_address>0x40d2</load_address>
         <run_address>0x40d2</run_address>
         <size>0x28c</size>
         <input_file_ref idref="fl-13"/>
      </object_component>
      <object_component id="oc-1ad">
         <name>.debug_info</name>
         <load_address>0x435e</load_address>
         <run_address>0x435e</run_address>
         <size>0x227</size>
         <input_file_ref idref="fl-14"/>
      </object_component>
      <object_component id="oc-1a7">
         <name>.debug_info</name>
         <load_address>0x4585</load_address>
         <run_address>0x4585</run_address>
         <size>0x247</size>
         <input_file_ref idref="fl-14"/>
      </object_component>
      <object_component id="oc-1a1">
         <name>.debug_info</name>
         <load_address>0x47cc</load_address>
         <run_address>0x47cc</run_address>
         <size>0x249</size>
         <input_file_ref idref="fl-14"/>
      </object_component>
      <object_component id="oc-11f">
         <name>.debug_info</name>
         <load_address>0x4a15</load_address>
         <run_address>0x4a15</run_address>
         <size>0x326</size>
         <input_file_ref idref="fl-14"/>
      </object_component>
      <object_component id="oc-1ba">
         <name>.debug_info</name>
         <load_address>0x4d3b</load_address>
         <run_address>0x4d3b</run_address>
         <size>0x212</size>
         <input_file_ref idref="fl-15"/>
      </object_component>
      <object_component id="oc-26">
         <name>.debug_info</name>
         <load_address>0x4f4d</load_address>
         <run_address>0x4f4d</run_address>
         <size>0x134</size>
         <input_file_ref idref="fl-137"/>
      </object_component>
      <object_component id="oc-ec">
         <name>.debug_info</name>
         <load_address>0x5081</load_address>
         <run_address>0x5081</run_address>
         <size>0x172</size>
         <input_file_ref idref="fl-13b"/>
      </object_component>
      <object_component id="oc-e9">
         <name>.debug_info</name>
         <load_address>0x51f3</load_address>
         <run_address>0x51f3</run_address>
         <size>0x117</size>
         <input_file_ref idref="fl-13b"/>
      </object_component>
      <object_component id="oc-7a">
         <name>.debug_info</name>
         <load_address>0x530a</load_address>
         <run_address>0x530a</run_address>
         <size>0x1ee</size>
         <input_file_ref idref="fl-13b"/>
      </object_component>
      <object_component id="oc-173">
         <name>.debug_info</name>
         <load_address>0x54f8</load_address>
         <run_address>0x54f8</run_address>
         <size>0x117</size>
         <input_file_ref idref="fl-13c"/>
      </object_component>
      <object_component id="oc-16d">
         <name>.debug_info</name>
         <load_address>0x560f</load_address>
         <run_address>0x560f</run_address>
         <size>0x109</size>
         <input_file_ref idref="fl-13d"/>
      </object_component>
      <object_component id="oc-92">
         <name>.debug_info</name>
         <load_address>0x5718</load_address>
         <run_address>0x5718</run_address>
         <size>0xff</size>
         <input_file_ref idref="fl-13e"/>
      </object_component>
      <object_component id="oc-4c">
         <name>.debug_info</name>
         <load_address>0x5817</load_address>
         <run_address>0x5817</run_address>
         <size>0xf6</size>
         <input_file_ref idref="fl-13f"/>
      </object_component>
      <object_component id="oc-5c">
         <name>.debug_info</name>
         <load_address>0x590d</load_address>
         <run_address>0x590d</run_address>
         <size>0x124</size>
         <input_file_ref idref="fl-140"/>
      </object_component>
      <object_component id="oc-163">
         <name>.debug_info</name>
         <load_address>0x5a31</load_address>
         <run_address>0x5a31</run_address>
         <size>0x162</size>
         <input_file_ref idref="fl-144"/>
      </object_component>
      <object_component id="oc-e4">
         <name>.debug_info</name>
         <load_address>0x5b93</load_address>
         <run_address>0x5b93</run_address>
         <size>0x147</size>
         <input_file_ref idref="fl-147"/>
      </object_component>
      <object_component id="oc-72">
         <name>.debug_info</name>
         <load_address>0x5cda</load_address>
         <run_address>0x5cda</run_address>
         <size>0x148</size>
         <input_file_ref idref="fl-147"/>
      </object_component>
      <object_component id="oc-179">
         <name>.debug_info</name>
         <load_address>0x5e22</load_address>
         <run_address>0x5e22</run_address>
         <size>0x5e</size>
         <input_file_ref idref="fl-147"/>
      </object_component>
      <object_component id="oc-dc">
         <name>.debug_info</name>
         <load_address>0x5e80</load_address>
         <run_address>0x5e80</run_address>
         <size>0x29e</size>
         <input_file_ref idref="fl-149"/>
      </object_component>
      <object_component id="oc-6c">
         <name>.debug_info</name>
         <load_address>0x611e</load_address>
         <run_address>0x611e</run_address>
         <size>0x158</size>
         <input_file_ref idref="fl-149"/>
      </object_component>
      <object_component id="oc-fb">
         <name>.debug_info</name>
         <load_address>0x6276</load_address>
         <run_address>0x6276</run_address>
         <size>0x39</size>
         <input_file_ref idref="fl-149"/>
      </object_component>
      <object_component id="oc-ce">
         <name>.debug_info</name>
         <load_address>0x62af</load_address>
         <run_address>0x62af</run_address>
         <size>0xcd</size>
         <input_file_ref idref="fl-149"/>
      </object_component>
      <object_component id="oc-203">
         <name>.debug_info</name>
         <load_address>0x637c</load_address>
         <run_address>0x637c</run_address>
         <size>0x129</size>
         <input_file_ref idref="fl-14c"/>
      </object_component>
      <object_component id="oc-1e3">
         <name>.debug_info</name>
         <load_address>0x64a5</load_address>
         <run_address>0x64a5</run_address>
         <size>0x105</size>
         <input_file_ref idref="fl-14d"/>
      </object_component>
      <object_component id="oc-1ed">
         <name>.debug_info</name>
         <load_address>0x65aa</load_address>
         <run_address>0x65aa</run_address>
         <size>0x107</size>
         <input_file_ref idref="fl-14d"/>
      </object_component>
      <object_component id="oc-1e8">
         <name>.debug_info</name>
         <load_address>0x66b1</load_address>
         <run_address>0x66b1</run_address>
         <size>0x117</size>
         <input_file_ref idref="fl-14e"/>
      </object_component>
      <object_component id="oc-1f2">
         <name>.debug_info</name>
         <load_address>0x67c8</load_address>
         <run_address>0x67c8</run_address>
         <size>0x10b</size>
         <input_file_ref idref="fl-14f"/>
      </object_component>
      <object_component id="oc-1fe">
         <name>.debug_info</name>
         <load_address>0x68d3</load_address>
         <run_address>0x68d3</run_address>
         <size>0x109</size>
         <input_file_ref idref="fl-151"/>
      </object_component>
      <object_component id="oc-56">
         <name>.debug_info</name>
         <load_address>0x69dc</load_address>
         <run_address>0x69dc</run_address>
         <size>0x18fc</size>
         <input_file_ref idref="fl-161"/>
      </object_component>
      <object_component id="oc-8c">
         <name>.debug_info</name>
         <load_address>0x82d8</load_address>
         <run_address>0x82d8</run_address>
         <size>0xfc6</size>
         <input_file_ref idref="fl-161"/>
      </object_component>
      <object_component id="oc-7e">
         <name>.debug_info</name>
         <load_address>0x929e</load_address>
         <run_address>0x929e</run_address>
         <size>0xb9</size>
         <input_file_ref idref="fl-161"/>
      </object_component>
      <object_component id="oc-213">
         <name>.debug_info</name>
         <load_address>0x9357</load_address>
         <run_address>0x9357</run_address>
         <size>0xb1</size>
         <input_file_ref idref="fl-161"/>
      </object_component>
      <object_component id="oc-207">
         <name>.debug_info</name>
         <load_address>0x9408</load_address>
         <run_address>0x9408</run_address>
         <size>0x189</size>
         <input_file_ref idref="fl-161"/>
      </object_component>
      <object_component id="oc-210">
         <name>.debug_info</name>
         <load_address>0x9591</load_address>
         <run_address>0x9591</run_address>
         <size>0xad</size>
         <input_file_ref idref="fl-161"/>
      </object_component>
      <object_component id="oc-20d">
         <name>.debug_info</name>
         <load_address>0x963e</load_address>
         <run_address>0x963e</run_address>
         <size>0xb3</size>
         <input_file_ref idref="fl-161"/>
      </object_component>
      <object_component id="oc-8f">
         <name>.debug_info</name>
         <load_address>0x96f1</load_address>
         <run_address>0x96f1</run_address>
         <size>0xbe</size>
         <input_file_ref idref="fl-161"/>
      </object_component>
      <object_component id="oc-e6">
         <name>.debug_info</name>
         <load_address>0x97af</load_address>
         <run_address>0x97af</run_address>
         <size>0xca</size>
         <input_file_ref idref="fl-161"/>
      </object_component>
      <object_component id="oc-20a">
         <name>.debug_info</name>
         <load_address>0x9879</load_address>
         <run_address>0x9879</run_address>
         <size>0xdc</size>
         <input_file_ref idref="fl-161"/>
      </object_component>
      <object_component id="oc-16a">
         <name>.debug_info</name>
         <load_address>0x9955</load_address>
         <run_address>0x9955</run_address>
         <size>0x27e</size>
         <input_file_ref idref="fl-161"/>
      </object_component>
      <object_component id="oc-182">
         <name>.debug_info</name>
         <load_address>0x9bd3</load_address>
         <run_address>0x9bd3</run_address>
         <size>0xcf</size>
         <input_file_ref idref="fl-161"/>
      </object_component>
      <object_component id="oc-1c7">
         <name>.debug_info</name>
         <load_address>0x9ca2</load_address>
         <run_address>0x9ca2</run_address>
         <size>0x18c1</size>
         <input_file_ref idref="fl-161"/>
      </object_component>
      <object_component id="oc-1fa">
         <name>.debug_info</name>
         <load_address>0xb563</load_address>
         <run_address>0xb563</run_address>
         <size>0x16f</size>
         <input_file_ref idref="fl-161"/>
      </object_component>
      <object_component id="oc-e1">
         <name>.debug_info</name>
         <load_address>0xb6d2</load_address>
         <run_address>0xb6d2</run_address>
         <size>0xcc1</size>
         <input_file_ref idref="fl-161"/>
      </object_component>
      <object_component id="oc-d9">
         <name>.debug_info</name>
         <load_address>0xc393</load_address>
         <run_address>0xc393</run_address>
         <size>0x12d</size>
         <input_file_ref idref="fl-161"/>
      </object_component>
      <object_component id="oc-69">
         <name>.debug_info</name>
         <load_address>0xc4c0</load_address>
         <run_address>0xc4c0</run_address>
         <size>0xf1</size>
         <input_file_ref idref="fl-161"/>
      </object_component>
      <object_component id="oc-22">
         <name>.debug_info</name>
         <load_address>0xc5b1</load_address>
         <run_address>0xc5b1</run_address>
         <size>0x14d</size>
         <input_file_ref idref="fl-161"/>
      </object_component>
      <object_component id="oc-1c">
         <name>.debug_info</name>
         <load_address>0xc6fe</load_address>
         <run_address>0xc6fe</run_address>
         <size>0x1ae</size>
         <input_file_ref idref="fl-161"/>
      </object_component>
      <object_component id="oc-16">
         <name>.debug_info</name>
         <load_address>0xc8ac</load_address>
         <run_address>0xc8ac</run_address>
         <size>0x17c</size>
         <input_file_ref idref="fl-161"/>
      </object_component>
      <object_component id="oc-46">
         <name>.debug_info</name>
         <load_address>0xca28</load_address>
         <run_address>0xca28</run_address>
         <size>0x161</size>
         <input_file_ref idref="fl-161"/>
      </object_component>
      <object_component id="oc-ab">
         <name>.debug_info</name>
         <load_address>0xcb89</load_address>
         <run_address>0xcb89</run_address>
         <size>0x86</size>
         <input_file_ref idref="fl-161"/>
      </object_component>
      <object_component id="oc-224">
         <name>.debug_info</name>
         <load_address>0xcc0f</load_address>
         <run_address>0xcc0f</run_address>
         <size>0xa0</size>
         <input_file_ref idref="fl-161"/>
      </object_component>
      <object_component id="oc-b5">
         <name>.debug_info</name>
         <load_address>0xccaf</load_address>
         <run_address>0xccaf</run_address>
         <size>0x2c</size>
         <input_file_ref idref="fl-161"/>
      </object_component>
      <object_component id="oc-ba">
         <name>.debug_info</name>
         <load_address>0xccdb</load_address>
         <run_address>0xccdb</run_address>
         <size>0x2c</size>
         <input_file_ref idref="fl-161"/>
      </object_component>
      <object_component id="oc-bf">
         <name>.debug_info</name>
         <load_address>0xcd07</load_address>
         <run_address>0xcd07</run_address>
         <size>0x164</size>
         <input_file_ref idref="fl-161"/>
      </object_component>
      <object_component id="oc-51">
         <name>.debug_info</name>
         <load_address>0xce6b</load_address>
         <run_address>0xce6b</run_address>
         <size>0x46</size>
         <input_file_ref idref="fl-161"/>
      </object_component>
      <object_component id="oc-c4">
         <name>.debug_info</name>
         <load_address>0xceb1</load_address>
         <run_address>0xceb1</run_address>
         <size>0x2c</size>
         <input_file_ref idref="fl-161"/>
      </object_component>
      <object_component id="oc-b0">
         <name>.debug_info</name>
         <load_address>0xcedd</load_address>
         <run_address>0xcedd</run_address>
         <size>0x6f</size>
         <input_file_ref idref="fl-161"/>
      </object_component>
      <object_component id="oc-a4">
         <name>.debug_info</name>
         <load_address>0xcf4c</load_address>
         <run_address>0xcf4c</run_address>
         <size>0x2c</size>
         <input_file_ref idref="fl-161"/>
      </object_component>
      <object_component id="oc-231">
         <name>.debug_info</name>
         <load_address>0xcf78</load_address>
         <run_address>0xcf78</run_address>
         <size>0x46</size>
         <input_file_ref idref="fl-161"/>
      </object_component>
      <object_component id="oc-216">
         <name>.debug_info</name>
         <load_address>0xcfbe</load_address>
         <run_address>0xcfbe</run_address>
         <size>0x39</size>
         <input_file_ref idref="fl-161"/>
      </object_component>
      <object_component id="oc-25c">
         <name>.debug_info</name>
         <load_address>0xcff7</load_address>
         <run_address>0xcff7</run_address>
         <size>0x91</size>
      </object_component>
      <object_component id="oc-98">
         <name>.debug_line</name>
         <load_address>0x0</load_address>
         <run_address>0x0</run_address>
         <size>0x41</size>
         <input_file_ref idref="fl-8"/>
      </object_component>
      <object_component id="oc-49">
         <name>.debug_line</name>
         <load_address>0x41</load_address>
         <run_address>0x41</run_address>
         <size>0x41</size>
         <input_file_ref idref="fl-8"/>
      </object_component>
      <object_component id="oc-2e">
         <name>.debug_line</name>
         <load_address>0x82</load_address>
         <run_address>0x82</run_address>
         <size>0x53</size>
         <input_file_ref idref="fl-8"/>
      </object_component>
      <object_component id="oc-34">
         <name>.debug_line</name>
         <load_address>0xd5</load_address>
         <run_address>0xd5</run_address>
         <size>0x56</size>
         <input_file_ref idref="fl-8"/>
      </object_component>
      <object_component id="oc-40">
         <name>.debug_line</name>
         <load_address>0x12b</load_address>
         <run_address>0x12b</run_address>
         <size>0x56</size>
         <input_file_ref idref="fl-8"/>
      </object_component>
      <object_component id="oc-3a">
         <name>.debug_line</name>
         <load_address>0x181</load_address>
         <run_address>0x181</run_address>
         <size>0x56</size>
         <input_file_ref idref="fl-8"/>
      </object_component>
      <object_component id="oc-9c">
         <name>.debug_line</name>
         <load_address>0x1d7</load_address>
         <run_address>0x1d7</run_address>
         <size>0x20</size>
         <input_file_ref idref="fl-8"/>
      </object_component>
      <object_component id="oc-a1">
         <name>.debug_line</name>
         <load_address>0x1f7</load_address>
         <run_address>0x1f7</run_address>
         <size>0x60</size>
         <input_file_ref idref="fl-8"/>
      </object_component>
      <object_component id="oc-18d">
         <name>.debug_line</name>
         <load_address>0x257</load_address>
         <run_address>0x257</run_address>
         <size>0x82</size>
         <input_file_ref idref="fl-f"/>
      </object_component>
      <object_component id="oc-1d5">
         <name>.debug_line</name>
         <load_address>0x2d9</load_address>
         <run_address>0x2d9</run_address>
         <size>0x7d</size>
         <input_file_ref idref="fl-f"/>
      </object_component>
      <object_component id="oc-196">
         <name>.debug_line</name>
         <load_address>0x356</load_address>
         <run_address>0x356</run_address>
         <size>0x95</size>
         <input_file_ref idref="fl-f"/>
      </object_component>
      <object_component id="oc-131">
         <name>.debug_line</name>
         <load_address>0x3eb</load_address>
         <run_address>0x3eb</run_address>
         <size>0xd1</size>
         <input_file_ref idref="fl-f"/>
      </object_component>
      <object_component id="oc-116">
         <name>.debug_line</name>
         <load_address>0x4bc</load_address>
         <run_address>0x4bc</run_address>
         <size>0x93</size>
         <input_file_ref idref="fl-f"/>
      </object_component>
      <object_component id="oc-128">
         <name>.debug_line</name>
         <load_address>0x54f</load_address>
         <run_address>0x54f</run_address>
         <size>0x99</size>
         <input_file_ref idref="fl-f"/>
      </object_component>
      <object_component id="oc-12e">
         <name>.debug_line</name>
         <load_address>0x5e8</load_address>
         <run_address>0x5e8</run_address>
         <size>0x93</size>
         <input_file_ref idref="fl-f"/>
      </object_component>
      <object_component id="oc-15f">
         <name>.debug_line</name>
         <load_address>0x67b</load_address>
         <run_address>0x67b</run_address>
         <size>0x92</size>
         <input_file_ref idref="fl-f"/>
      </object_component>
      <object_component id="oc-110">
         <name>.debug_line</name>
         <load_address>0x70d</load_address>
         <run_address>0x70d</run_address>
         <size>0xa7</size>
         <input_file_ref idref="fl-f"/>
      </object_component>
      <object_component id="oc-62">
         <name>.debug_line</name>
         <load_address>0x7b4</load_address>
         <run_address>0x7b4</run_address>
         <size>0x20</size>
         <input_file_ref idref="fl-f"/>
      </object_component>
      <object_component id="oc-cc">
         <name>.debug_line</name>
         <load_address>0x7d4</load_address>
         <run_address>0x7d4</run_address>
         <size>0x69</size>
         <input_file_ref idref="fl-f"/>
      </object_component>
      <object_component id="oc-1e0">
         <name>.debug_line</name>
         <load_address>0x83d</load_address>
         <run_address>0x83d</run_address>
         <size>0x7c</size>
         <input_file_ref idref="fl-11"/>
      </object_component>
      <object_component id="oc-1de">
         <name>.debug_line</name>
         <load_address>0x8b9</load_address>
         <run_address>0x8b9</run_address>
         <size>0x82</size>
         <input_file_ref idref="fl-11"/>
      </object_component>
      <object_component id="oc-152">
         <name>.debug_line</name>
         <load_address>0x93b</load_address>
         <run_address>0x93b</run_address>
         <size>0x97</size>
         <input_file_ref idref="fl-11"/>
      </object_component>
      <object_component id="oc-146">
         <name>.debug_line</name>
         <load_address>0x9d2</load_address>
         <run_address>0x9d2</run_address>
         <size>0xc2</size>
         <input_file_ref idref="fl-11"/>
      </object_component>
      <object_component id="oc-1ce">
         <name>.debug_line</name>
         <load_address>0xa94</load_address>
         <run_address>0xa94</run_address>
         <size>0x13d</size>
         <input_file_ref idref="fl-12"/>
      </object_component>
      <object_component id="oc-1d8">
         <name>.debug_line</name>
         <load_address>0xbd1</load_address>
         <run_address>0xbd1</run_address>
         <size>0x7f</size>
         <input_file_ref idref="fl-12"/>
      </object_component>
      <object_component id="oc-10a">
         <name>.debug_line</name>
         <load_address>0xc50</load_address>
         <run_address>0xc50</run_address>
         <size>0x94</size>
         <input_file_ref idref="fl-12"/>
      </object_component>
      <object_component id="oc-104">
         <name>.debug_line</name>
         <load_address>0xce4</load_address>
         <run_address>0xce4</run_address>
         <size>0xee</size>
         <input_file_ref idref="fl-12"/>
      </object_component>
      <object_component id="oc-11c">
         <name>.debug_line</name>
         <load_address>0xdd2</load_address>
         <run_address>0xdd2</run_address>
         <size>0x11a</size>
         <input_file_ref idref="fl-12"/>
      </object_component>
      <object_component id="oc-1d2">
         <name>.debug_line</name>
         <load_address>0xeec</load_address>
         <run_address>0xeec</run_address>
         <size>0x7f</size>
         <input_file_ref idref="fl-12"/>
      </object_component>
      <object_component id="oc-18b">
         <name>.debug_line</name>
         <load_address>0xf6b</load_address>
         <run_address>0xf6b</run_address>
         <size>0x82</size>
         <input_file_ref idref="fl-13"/>
      </object_component>
      <object_component id="oc-140">
         <name>.debug_line</name>
         <load_address>0xfed</load_address>
         <run_address>0xfed</run_address>
         <size>0x9c</size>
         <input_file_ref idref="fl-13"/>
      </object_component>
      <object_component id="oc-14c">
         <name>.debug_line</name>
         <load_address>0x1089</load_address>
         <run_address>0x1089</run_address>
         <size>0x93</size>
         <input_file_ref idref="fl-13"/>
      </object_component>
      <object_component id="oc-89">
         <name>.debug_line</name>
         <load_address>0x111c</load_address>
         <run_address>0x111c</run_address>
         <size>0x93</size>
         <input_file_ref idref="fl-13"/>
      </object_component>
      <object_component id="oc-158">
         <name>.debug_line</name>
         <load_address>0x11af</load_address>
         <run_address>0x11af</run_address>
         <size>0x93</size>
         <input_file_ref idref="fl-13"/>
      </object_component>
      <object_component id="oc-13a">
         <name>.debug_line</name>
         <load_address>0x1242</load_address>
         <run_address>0x1242</run_address>
         <size>0xb7</size>
         <input_file_ref idref="fl-13"/>
      </object_component>
      <object_component id="oc-1dc">
         <name>.debug_line</name>
         <load_address>0x12f9</load_address>
         <run_address>0x12f9</run_address>
         <size>0x82</size>
         <input_file_ref idref="fl-14"/>
      </object_component>
      <object_component id="oc-1aa">
         <name>.debug_line</name>
         <load_address>0x137b</load_address>
         <run_address>0x137b</run_address>
         <size>0x93</size>
         <input_file_ref idref="fl-14"/>
      </object_component>
      <object_component id="oc-1a4">
         <name>.debug_line</name>
         <load_address>0x140e</load_address>
         <run_address>0x140e</run_address>
         <size>0x96</size>
         <input_file_ref idref="fl-14"/>
      </object_component>
      <object_component id="oc-122">
         <name>.debug_line</name>
         <load_address>0x14a4</load_address>
         <run_address>0x14a4</run_address>
         <size>0xb3</size>
         <input_file_ref idref="fl-14"/>
      </object_component>
      <object_component id="oc-1bd">
         <name>.debug_line</name>
         <load_address>0x1557</load_address>
         <run_address>0x1557</run_address>
         <size>0x91</size>
         <input_file_ref idref="fl-15"/>
      </object_component>
      <object_component id="oc-25">
         <name>.debug_line</name>
         <load_address>0x15e8</load_address>
         <run_address>0x15e8</run_address>
         <size>0x52</size>
         <input_file_ref idref="fl-137"/>
      </object_component>
      <object_component id="oc-189">
         <name>.debug_line</name>
         <load_address>0x163a</load_address>
         <run_address>0x163a</run_address>
         <size>0x7f</size>
         <input_file_ref idref="fl-13b"/>
      </object_component>
      <object_component id="oc-187">
         <name>.debug_line</name>
         <load_address>0x16b9</load_address>
         <run_address>0x16b9</run_address>
         <size>0x2a</size>
         <input_file_ref idref="fl-13b"/>
      </object_component>
      <object_component id="oc-79">
         <name>.debug_line</name>
         <load_address>0x16e3</load_address>
         <run_address>0x16e3</run_address>
         <size>0x7a</size>
         <input_file_ref idref="fl-13b"/>
      </object_component>
      <object_component id="oc-172">
         <name>.debug_line</name>
         <load_address>0x175d</load_address>
         <run_address>0x175d</run_address>
         <size>0x8e</size>
         <input_file_ref idref="fl-13c"/>
      </object_component>
      <object_component id="oc-170">
         <name>.debug_line</name>
         <load_address>0x17eb</load_address>
         <run_address>0x17eb</run_address>
         <size>0x57</size>
         <input_file_ref idref="fl-13d"/>
      </object_component>
      <object_component id="oc-95">
         <name>.debug_line</name>
         <load_address>0x1842</load_address>
         <run_address>0x1842</run_address>
         <size>0x43</size>
         <input_file_ref idref="fl-13e"/>
      </object_component>
      <object_component id="oc-4f">
         <name>.debug_line</name>
         <load_address>0x1885</load_address>
         <run_address>0x1885</run_address>
         <size>0x88</size>
         <input_file_ref idref="fl-13f"/>
      </object_component>
      <object_component id="oc-5a">
         <name>.debug_line</name>
         <load_address>0x190d</load_address>
         <run_address>0x190d</run_address>
         <size>0x79</size>
         <input_file_ref idref="fl-140"/>
      </object_component>
      <object_component id="oc-162">
         <name>.debug_line</name>
         <load_address>0x1986</load_address>
         <run_address>0x1986</run_address>
         <size>0x118</size>
         <input_file_ref idref="fl-144"/>
      </object_component>
      <object_component id="oc-178">
         <name>.debug_line</name>
         <load_address>0x1a9e</load_address>
         <run_address>0x1a9e</run_address>
         <size>0x2b</size>
         <input_file_ref idref="fl-147"/>
      </object_component>
      <object_component id="oc-75">
         <name>.debug_line</name>
         <load_address>0x1ac9</load_address>
         <run_address>0x1ac9</run_address>
         <size>0x50</size>
         <input_file_ref idref="fl-147"/>
      </object_component>
      <object_component id="oc-17c">
         <name>.debug_line</name>
         <load_address>0x1b19</load_address>
         <run_address>0x1b19</run_address>
         <size>0x2b</size>
         <input_file_ref idref="fl-147"/>
      </object_component>
      <object_component id="oc-fa">
         <name>.debug_line</name>
         <load_address>0x1b44</load_address>
         <run_address>0x1b44</run_address>
         <size>0x8f</size>
         <input_file_ref idref="fl-149"/>
      </object_component>
      <object_component id="oc-6f">
         <name>.debug_line</name>
         <load_address>0x1bd3</load_address>
         <run_address>0x1bd3</run_address>
         <size>0x79</size>
         <input_file_ref idref="fl-149"/>
      </object_component>
      <object_component id="oc-fe">
         <name>.debug_line</name>
         <load_address>0x1c4c</load_address>
         <run_address>0x1c4c</run_address>
         <size>0x2e</size>
         <input_file_ref idref="fl-149"/>
      </object_component>
      <object_component id="oc-d1">
         <name>.debug_line</name>
         <load_address>0x1c7a</load_address>
         <run_address>0x1c7a</run_address>
         <size>0x81</size>
         <input_file_ref idref="fl-149"/>
      </object_component>
      <object_component id="oc-202">
         <name>.debug_line</name>
         <load_address>0x1cfb</load_address>
         <run_address>0x1cfb</run_address>
         <size>0xd2</size>
         <input_file_ref idref="fl-14c"/>
      </object_component>
      <object_component id="oc-1e6">
         <name>.debug_line</name>
         <load_address>0x1dcd</load_address>
         <run_address>0x1dcd</run_address>
         <size>0x77</size>
         <input_file_ref idref="fl-14d"/>
      </object_component>
      <object_component id="oc-1f0">
         <name>.debug_line</name>
         <load_address>0x1e44</load_address>
         <run_address>0x1e44</run_address>
         <size>0x77</size>
         <input_file_ref idref="fl-14d"/>
      </object_component>
      <object_component id="oc-1eb">
         <name>.debug_line</name>
         <load_address>0x1ebb</load_address>
         <run_address>0x1ebb</run_address>
         <size>0xa8</size>
         <input_file_ref idref="fl-14e"/>
      </object_component>
      <object_component id="oc-1f5">
         <name>.debug_line</name>
         <load_address>0x1f63</load_address>
         <run_address>0x1f63</run_address>
         <size>0x5a</size>
         <input_file_ref idref="fl-14f"/>
      </object_component>
      <object_component id="oc-1fd">
         <name>.debug_line</name>
         <load_address>0x1fbd</load_address>
         <run_address>0x1fbd</run_address>
         <size>0x50</size>
         <input_file_ref idref="fl-151"/>
      </object_component>
      <object_component id="oc-aa">
         <name>.debug_line</name>
         <load_address>0x200d</load_address>
         <run_address>0x200d</run_address>
         <size>0x213</size>
         <input_file_ref idref="fl-161"/>
      </object_component>
      <object_component id="oc-f3">
         <name>.debug_line</name>
         <load_address>0x2220</load_address>
         <run_address>0x2220</run_address>
         <size>0x2d</size>
         <input_file_ref idref="fl-161"/>
      </object_component>
      <object_component id="oc-ef">
         <name>.debug_line</name>
         <load_address>0x224d</load_address>
         <run_address>0x224d</run_address>
         <size>0x33</size>
         <input_file_ref idref="fl-161"/>
      </object_component>
      <object_component id="oc-230">
         <name>.debug_line</name>
         <load_address>0x2280</load_address>
         <run_address>0x2280</run_address>
         <size>0x2e</size>
         <input_file_ref idref="fl-161"/>
      </object_component>
      <object_component id="oc-223">
         <name>.debug_line</name>
         <load_address>0x22ae</load_address>
         <run_address>0x22ae</run_address>
         <size>0x2d</size>
         <input_file_ref idref="fl-161"/>
      </object_component>
      <object_component id="oc-22e">
         <name>.debug_line</name>
         <load_address>0x22db</load_address>
         <run_address>0x22db</run_address>
         <size>0x2e</size>
         <input_file_ref idref="fl-161"/>
      </object_component>
      <object_component id="oc-22c">
         <name>.debug_line</name>
         <load_address>0x2309</load_address>
         <run_address>0x2309</run_address>
         <size>0x2c</size>
         <input_file_ref idref="fl-161"/>
      </object_component>
      <object_component id="oc-f5">
         <name>.debug_line</name>
         <load_address>0x2335</load_address>
         <run_address>0x2335</run_address>
         <size>0x2e</size>
         <input_file_ref idref="fl-161"/>
      </object_component>
      <object_component id="oc-185">
         <name>.debug_line</name>
         <load_address>0x2363</load_address>
         <run_address>0x2363</run_address>
         <size>0x2b</size>
         <input_file_ref idref="fl-161"/>
      </object_component>
      <object_component id="oc-22a">
         <name>.debug_line</name>
         <load_address>0x238e</load_address>
         <run_address>0x238e</run_address>
         <size>0x33</size>
         <input_file_ref idref="fl-161"/>
      </object_component>
      <object_component id="oc-169">
         <name>.debug_line</name>
         <load_address>0x23c1</load_address>
         <run_address>0x23c1</run_address>
         <size>0x8a</size>
         <input_file_ref idref="fl-161"/>
      </object_component>
      <object_component id="oc-181">
         <name>.debug_line</name>
         <load_address>0x244b</load_address>
         <run_address>0x244b</run_address>
         <size>0x3a</size>
         <input_file_ref idref="fl-161"/>
      </object_component>
      <object_component id="oc-1c6">
         <name>.debug_line</name>
         <load_address>0x2485</load_address>
         <run_address>0x2485</run_address>
         <size>0x1768</size>
         <input_file_ref idref="fl-161"/>
      </object_component>
      <object_component id="oc-1f9">
         <name>.debug_line</name>
         <load_address>0x3bed</load_address>
         <run_address>0x3bed</run_address>
         <size>0x66</size>
         <input_file_ref idref="fl-161"/>
      </object_component>
      <object_component id="oc-e0">
         <name>.debug_line</name>
         <load_address>0x3c53</load_address>
         <run_address>0x3c53</run_address>
         <size>0x15ab</size>
         <input_file_ref idref="fl-161"/>
      </object_component>
      <object_component id="oc-d8">
         <name>.debug_line</name>
         <load_address>0x51fe</load_address>
         <run_address>0x51fe</run_address>
         <size>0x68</size>
         <input_file_ref idref="fl-161"/>
      </object_component>
      <object_component id="oc-68">
         <name>.debug_line</name>
         <load_address>0x5266</load_address>
         <run_address>0x5266</run_address>
         <size>0x40</size>
         <input_file_ref idref="fl-161"/>
      </object_component>
      <object_component id="oc-21">
         <name>.debug_line</name>
         <load_address>0x52a6</load_address>
         <run_address>0x52a6</run_address>
         <size>0x4f</size>
         <input_file_ref idref="fl-161"/>
      </object_component>
      <object_component id="oc-1b">
         <name>.debug_line</name>
         <load_address>0x52f5</load_address>
         <run_address>0x52f5</run_address>
         <size>0x96</size>
         <input_file_ref idref="fl-161"/>
      </object_component>
      <object_component id="oc-15">
         <name>.debug_line</name>
         <load_address>0x538b</load_address>
         <run_address>0x538b</run_address>
         <size>0x55</size>
         <input_file_ref idref="fl-161"/>
      </object_component>
      <object_component id="oc-45">
         <name>.debug_line</name>
         <load_address>0x53e0</load_address>
         <run_address>0x53e0</run_address>
         <size>0x238</size>
         <input_file_ref idref="fl-161"/>
      </object_component>
      <object_component id="oc-ae">
         <name>.debug_line</name>
         <load_address>0x5618</load_address>
         <run_address>0x5618</run_address>
         <size>0x80</size>
         <input_file_ref idref="fl-161"/>
      </object_component>
      <object_component id="oc-227">
         <name>.debug_line</name>
         <load_address>0x5698</load_address>
         <run_address>0x5698</run_address>
         <size>0x5f</size>
         <input_file_ref idref="fl-161"/>
      </object_component>
      <object_component id="oc-b8">
         <name>.debug_line</name>
         <load_address>0x56f7</load_address>
         <run_address>0x56f7</run_address>
         <size>0x2e</size>
         <input_file_ref idref="fl-161"/>
      </object_component>
      <object_component id="oc-bd">
         <name>.debug_line</name>
         <load_address>0x5725</load_address>
         <run_address>0x5725</run_address>
         <size>0x80</size>
         <input_file_ref idref="fl-161"/>
      </object_component>
      <object_component id="oc-c2">
         <name>.debug_line</name>
         <load_address>0x57a5</load_address>
         <run_address>0x57a5</run_address>
         <size>0x60</size>
         <input_file_ref idref="fl-161"/>
      </object_component>
      <object_component id="oc-54">
         <name>.debug_line</name>
         <load_address>0x5805</load_address>
         <run_address>0x5805</run_address>
         <size>0x34</size>
         <input_file_ref idref="fl-161"/>
      </object_component>
      <object_component id="oc-c7">
         <name>.debug_line</name>
         <load_address>0x5839</load_address>
         <run_address>0x5839</run_address>
         <size>0x3e</size>
         <input_file_ref idref="fl-161"/>
      </object_component>
      <object_component id="oc-b3">
         <name>.debug_line</name>
         <load_address>0x5877</load_address>
         <run_address>0x5877</run_address>
         <size>0x7e</size>
         <input_file_ref idref="fl-161"/>
      </object_component>
      <object_component id="oc-a7">
         <name>.debug_line</name>
         <load_address>0x58f5</load_address>
         <run_address>0x58f5</run_address>
         <size>0x80</size>
         <input_file_ref idref="fl-161"/>
      </object_component>
      <object_component id="oc-234">
         <name>.debug_line</name>
         <load_address>0x5975</load_address>
         <run_address>0x5975</run_address>
         <size>0x80</size>
         <input_file_ref idref="fl-161"/>
      </object_component>
      <object_component id="oc-219">
         <name>.debug_line</name>
         <load_address>0x59f5</load_address>
         <run_address>0x59f5</run_address>
         <size>0x2e</size>
         <input_file_ref idref="fl-161"/>
      </object_component>
      <object_component id="oc-2f">
         <name>.debug_frame</name>
         <load_address>0x0</load_address>
         <run_address>0x0</run_address>
         <size>0x7f</size>
         <input_file_ref idref="fl-8"/>
      </object_component>
      <object_component id="oc-35">
         <name>.debug_frame</name>
         <load_address>0x7f</load_address>
         <run_address>0x7f</run_address>
         <size>0x7f</size>
         <input_file_ref idref="fl-8"/>
      </object_component>
      <object_component id="oc-41">
         <name>.debug_frame</name>
         <load_address>0xfe</load_address>
         <run_address>0xfe</run_address>
         <size>0x7f</size>
         <input_file_ref idref="fl-8"/>
      </object_component>
      <object_component id="oc-3b">
         <name>.debug_frame</name>
         <load_address>0x17d</load_address>
         <run_address>0x17d</run_address>
         <size>0x7f</size>
         <input_file_ref idref="fl-8"/>
      </object_component>
      <object_component id="oc-19a">
         <name>.debug_frame</name>
         <load_address>0x1fc</load_address>
         <run_address>0x1fc</run_address>
         <size>0x7f</size>
         <input_file_ref idref="fl-f"/>
      </object_component>
      <object_component id="oc-135">
         <name>.debug_frame</name>
         <load_address>0x27b</load_address>
         <run_address>0x27b</run_address>
         <size>0x8f</size>
         <input_file_ref idref="fl-f"/>
      </object_component>
      <object_component id="oc-117">
         <name>.debug_frame</name>
         <load_address>0x30a</load_address>
         <run_address>0x30a</run_address>
         <size>0x86</size>
         <input_file_ref idref="fl-f"/>
      </object_component>
      <object_component id="oc-129">
         <name>.debug_frame</name>
         <load_address>0x390</load_address>
         <run_address>0x390</run_address>
         <size>0x8a</size>
         <input_file_ref idref="fl-f"/>
      </object_component>
      <object_component id="oc-12f">
         <name>.debug_frame</name>
         <load_address>0x41a</load_address>
         <run_address>0x41a</run_address>
         <size>0x86</size>
         <input_file_ref idref="fl-f"/>
      </object_component>
      <object_component id="oc-160">
         <name>.debug_frame</name>
         <load_address>0x4a0</load_address>
         <run_address>0x4a0</run_address>
         <size>0x7f</size>
         <input_file_ref idref="fl-f"/>
      </object_component>
      <object_component id="oc-111">
         <name>.debug_frame</name>
         <load_address>0x51f</load_address>
         <run_address>0x51f</run_address>
         <size>0x86</size>
         <input_file_ref idref="fl-f"/>
      </object_component>
      <object_component id="oc-153">
         <name>.debug_frame</name>
         <load_address>0x5a5</load_address>
         <run_address>0x5a5</run_address>
         <size>0x86</size>
         <input_file_ref idref="fl-11"/>
      </object_component>
      <object_component id="oc-147">
         <name>.debug_frame</name>
         <load_address>0x62b</load_address>
         <run_address>0x62b</run_address>
         <size>0x7f</size>
         <input_file_ref idref="fl-11"/>
      </object_component>
      <object_component id="oc-10b">
         <name>.debug_frame</name>
         <load_address>0x6aa</load_address>
         <run_address>0x6aa</run_address>
         <size>0x7f</size>
         <input_file_ref idref="fl-12"/>
      </object_component>
      <object_component id="oc-105">
         <name>.debug_frame</name>
         <load_address>0x729</load_address>
         <run_address>0x729</run_address>
         <size>0x93</size>
         <input_file_ref idref="fl-12"/>
      </object_component>
      <object_component id="oc-11d">
         <name>.debug_frame</name>
         <load_address>0x7bc</load_address>
         <run_address>0x7bc</run_address>
         <size>0x8e</size>
         <input_file_ref idref="fl-12"/>
      </object_component>
      <object_component id="oc-141">
         <name>.debug_frame</name>
         <load_address>0x84a</load_address>
         <run_address>0x84a</run_address>
         <size>0x7f</size>
         <input_file_ref idref="fl-13"/>
      </object_component>
      <object_component id="oc-14d">
         <name>.debug_frame</name>
         <load_address>0x8c9</load_address>
         <run_address>0x8c9</run_address>
         <size>0x7f</size>
         <input_file_ref idref="fl-13"/>
      </object_component>
      <object_component id="oc-8a">
         <name>.debug_frame</name>
         <load_address>0x948</load_address>
         <run_address>0x948</run_address>
         <size>0x7f</size>
         <input_file_ref idref="fl-13"/>
      </object_component>
      <object_component id="oc-159">
         <name>.debug_frame</name>
         <load_address>0x9c7</load_address>
         <run_address>0x9c7</run_address>
         <size>0x7f</size>
         <input_file_ref idref="fl-13"/>
      </object_component>
      <object_component id="oc-13b">
         <name>.debug_frame</name>
         <load_address>0xa46</load_address>
         <run_address>0xa46</run_address>
         <size>0x86</size>
         <input_file_ref idref="fl-13"/>
      </object_component>
      <object_component id="oc-1ab">
         <name>.debug_frame</name>
         <load_address>0xacc</load_address>
         <run_address>0xacc</run_address>
         <size>0x7f</size>
         <input_file_ref idref="fl-14"/>
      </object_component>
      <object_component id="oc-1a5">
         <name>.debug_frame</name>
         <load_address>0xb4b</load_address>
         <run_address>0xb4b</run_address>
         <size>0x7f</size>
         <input_file_ref idref="fl-14"/>
      </object_component>
      <object_component id="oc-123">
         <name>.debug_frame</name>
         <load_address>0xbca</load_address>
         <run_address>0xbca</run_address>
         <size>0x8a</size>
         <input_file_ref idref="fl-14"/>
      </object_component>
      <object_component id="oc-1be">
         <name>.debug_frame</name>
         <load_address>0xc54</load_address>
         <run_address>0xc54</run_address>
         <size>0x7f</size>
         <input_file_ref idref="fl-15"/>
      </object_component>
      <object_component id="oc-78">
         <name>.debug_frame</name>
         <load_address>0xcd3</load_address>
         <run_address>0xcd3</run_address>
         <size>0xb3</size>
         <input_file_ref idref="fl-13b"/>
      </object_component>
      <object_component id="oc-76">
         <name>.debug_frame</name>
         <load_address>0xd86</load_address>
         <run_address>0xd86</run_address>
         <size>0x7f</size>
         <input_file_ref idref="fl-147"/>
      </object_component>
      <object_component id="oc-70">
         <name>.debug_frame</name>
         <load_address>0xe05</load_address>
         <run_address>0xe05</run_address>
         <size>0x8a</size>
         <input_file_ref idref="fl-149"/>
      </object_component>
      <object_component id="oc-168">
         <name>.debug_frame</name>
         <load_address>0xe8f</load_address>
         <run_address>0xe8f</run_address>
         <size>0xcc</size>
         <input_file_ref idref="fl-161"/>
[...]
         <name>Ih1value</name>
         <value>0x20000188</value>
         <object_component_ref idref="oc-8b"/>
      </symbol>
      <symbol id="sm-675">
         <name>Irms</name>
         <value>0x200000a4</value>
         <object_component_ref idref="oc-8b"/>
      </symbol>
      <symbol id="sm-676">
         <name>_Hugeval</name>
         <value>0x20003990</value>
         <object_component_ref idref="oc-206"/>
      </symbol>
      <symbol id="sm-677">
         <name>__TI_printfi</name>
         <value>0x3cf5</value>
         <object_component_ref idref="oc-1c3"/>
      </symbol>
      <symbol id="sm-678">
         <name>sprintf</name>
         <value>0x5403</value>
         <object_component_ref idref="oc-166"/>
      </symbol>
      <symbol id="sm-679">
         <name>diffUsum3sek</name>
         <value>0x20000254</value>
         <object_component_ref idref="oc-8b"/>
      </symbol>
      <symbol id="sm-67a">
         <name>Irms10min</name>
         <value>0x20000350</value>
         <object_component_ref idref="oc-8b"/>
      </symbol>
      <symbol id="sm-67b">
         <name>flaga20ms</name>
         <value>0x2000002c</value>
         <object_component_ref idref="oc-8b"/>
      </symbol>
      <symbol id="sm-67c">
         <name>dIrms10min</name>
         <value>0x20000374</value>
         <object_component_ref idref="oc-8b"/>
      </symbol>
      <symbol id="sm-67d">
         <name>copy_in</name>
         <value>0x5485</value>
         <object_component_ref idref="oc-d5"/>
      </symbol>
      <symbol id="sm-67e">
         <name>Phnvalue10min</name>
         <value>0x20000314</value>
         <object_component_ref idref="oc-8b"/>
      </symbol>
      <symbol id="sm-67f">
         <name>Ih1kwadrat</name>
         <value>0x2000011c</value>
         <object_component_ref idref="oc-8b"/>
      </symbol>
      <symbol id="sm-680">
         <name>Uh1kwadrat</name>
         <value>0x20000134</value>
         <object_component_ref idref="oc-8b"/>
      </symbol>
      <symbol id="sm-681">
         <name>Qbie</name>
         <value>0x20000098</value>
         <object_component_ref idref="oc-8b"/>
      </symbol>
      <symbol id="sm-682">
         <name>diffUsum</name>
         <value>0x20000248</value>
         <object_component_ref idref="oc-8b"/>
      </symbol>
      <symbol id="sm-683">
         <name>Urms10min</name>
         <value>0x20000398</value>
         <object_component_ref idref="oc-8b"/>
      </symbol>
      <symbol id="sm-684">
         <name>Ihnvalue</name>
         <value>0x200001a0</value>
         <object_component_ref idref="oc-8b"/>
      </symbol>
      <symbol id="sm-685">
         <name>dTkanalu</name>
         <value>0x2000003c</value>
         <object_component_ref idref="oc-8b"/>
      </symbol>
      <symbol id="sm-686">
         <name>dIh1value</name>
         <value>0x200001ac</value>
         <object_component_ref idref="oc-8b"/>
      </symbol>
      <symbol id="sm-687">
         <name>_nop</name>
         <value>0x26d7</value>
         <object_component_ref idref="oc-17e"/>
      </symbol>
      <symbol id="sm-688">
         <name>ltoa</name>
         <value>0x538b</value>
         <object_component_ref idref="oc-1f6"/>
      </symbol>
      <symbol id="sm-689">
         <name>_Snan</name>
         <value>0x200039b0</value>
         <object_component_ref idref="oc-206"/>
      </symbol>
      <symbol id="sm-68a">
         <name>Uhn</name>
         <value>0x20000058</value>
         <object_component_ref idref="oc-8b"/>
      </symbol>
      <symbol id="sm-68b">
         <name>diffU</name>
         <value>0x2000023c</value>
         <object_component_ref idref="oc-8b"/>
      </symbol>
      <symbol id="sm-68c">
         <name>diffI</name>
         <value>0x20000218</value>
         <object_component_ref idref="oc-8b"/>
      </symbol>
      <symbol id="sm-68d">
         <name>Uh1</name>
         <value>0x200000e0</value>
         <object_component_ref idref="oc-8b"/>
      </symbol>
      <symbol id="sm-68e">
         <name>Ihn10min</name>
         <value>0x2000035c</value>
         <object_component_ref idref="oc-8b"/>
      </symbol>
      <symbol id="sm-68f">
         <name>n</name>
         <value>0x20000014</value>
         <object_component_ref idref="oc-8b"/>
      </symbol>
      <symbol id="sm-690">
         <name>k</name>
         <value>0x20004d8c</value>
         <object_component_ref idref="oc-8e"/>
      </symbol>
      <symbol id="sm-691">
         <name>j</name>
         <value>0x20000024</value>
         <object_component_ref idref="oc-8b"/>
      </symbol>
      <symbol id="sm-692">
         <name>i</name>
         <value>0x20000020</value>
         <object_component_ref idref="oc-8b"/>
      </symbol>
      <symbol id="sm-693">
         <name>a</name>
         <value>0x2000001c</value>
         <object_component_ref idref="oc-8b"/>
      </symbol>
      <symbol id="sm-694">
         <name>skalaPradu</name>
         <value>0x20000048</value>
         <object_component_ref idref="oc-8b"/>
      </symbol>
      <symbol id="sm-695">
         <name>Q</name>
         <value>0x2000053c</value>
         <object_component_ref idref="oc-8b"/>
      </symbol>
      <symbol id="sm-696">
         <name>P</name>
         <value>0x200004c4</value>
         <object_component_ref idref="oc-8b"/>
      </symbol>
      <symbol id="sm-697">
         <name>Ih1value10min</name>
         <value>0x2000029c</value>
         <object_component_ref idref="oc-8b"/>
      </symbol>
      <symbol id="sm-698">
         <name>numerProbki</name>
         <value>0x20000010</value>
         <object_component_ref idref="oc-8b"/>
      </symbol>
      <symbol id="sm-699">
         <name>Uhn10min</name>
         <value>0x200003a4</value>
         <object_component_ref idref="oc-8b"/>
      </symbol>
      <symbol id="sm-69a">
         <name>dIhnvalue</name>
         <value>0x200001c4</value>
         <object_component_ref idref="oc-8b"/>
      </symbol>
      <symbol id="sm-69b">
         <name>Phn10min</name>
         <value>0x200003e0</value>
         <object_component_ref idref="oc-8b"/>
      </symbol>
      <symbol id="sm-69c">
         <name>Pvalue10min</name>
         <value>0x200002e4</value>
         <object_component_ref idref="oc-8b"/>
      </symbol>
      <symbol id="sm-69d">
         <name>diffIsum3sek</name>
         <value>0x20000230</value>
         <object_component_ref idref="oc-8b"/>
      </symbol>
      <symbol id="sm-69e">
         <name>dIhnkwadrat</name>
         <value>0x2000014c</value>
         <object_component_ref idref="oc-8b"/>
      </symbol>
      <symbol id="sm-69f">
         <name>Qvalue10min</name>
         <value>0x200002f0</value>
         <object_component_ref idref="oc-8b"/>
      </symbol>
      <symbol id="sm-6a0">
         <name>pomiar_prad</name>
         <value>0x2000044c</value>
         <object_component_ref idref="oc-8b"/>
      </symbol>
      <symbol id="sm-6a1">
         <name>_Errno</name>
         <value>0x200039f8</value>
         <object_component_ref idref="oc-20f"/>
      </symbol>
      <symbol id="sm-6a2">
         <name>__TI_zero_init</name>
         <value>0x579b</value>
         <object_component_ref idref="oc-1e"/>
      </symbol>
      <symbol id="sm-6a3">
         <name>Qhn</name>
         <value>0x20000110</value>
         <object_component_ref idref="oc-8b"/>
      </symbol>
      <symbol id="sm-6a4">
         <name>Uh1value10min</name>
         <value>0x20000278</value>
         <object_component_ref idref="oc-8b"/>
      </symbol>
      <symbol id="sm-6a5">
         <name>_Nan</name>
         <value>0x200039a0</value>
         <object_component_ref idref="oc-206"/>
      </symbol>
      <symbol id="sm-6a6">
         <name>tabU</name>
         <value>0x20000074</value>
         <object_component_ref idref="oc-8b"/>
      </symbol>
      <symbol id="sm-6a7">
         <name>tabI</name>
         <value>0x20000068</value>
         <object_component_ref idref="oc-8b"/>
      </symbol>
      <symbol id="sm-6a8">
         <name>Qh1</name>
         <value>0x200000f8</value>
         <object_component_ref idref="oc-8b"/>
      </symbol>
      <symbol id="sm-6a9">
         <name>Ih110min</name>
         <value>0x20000344</value>
         <object_component_ref idref="oc-8b"/>
      </symbol>
      <symbol id="sm-6aa">
         <name>_Inf</name>
         <value>0x20003960</value>
         <object_component_ref idref="oc-206"/>
      </symbol>
      <symbol id="sm-6ab">
         <name>Uh110min</name>
         <value>0x2000038c</value>
         <object_component_ref idref="oc-8b"/>
      </symbol>
      <symbol id="sm-6ac">
         <name>Ph110min</name>
         <value>0x200003c8</value>
         <object_component_ref idref="oc-8b"/>
      </symbol>
      <symbol id="sm-6ad">
         <name>Urmsvalue</name>
         <value>0x20000170</value>
         <object_component_ref idref="oc-8b"/>
      </symbol>
      <symbol id="sm-6ae">
         <name>main</name>
         <value>0x271</value>
         <object_component_ref idref="oc-dd"/>
      </symbol>
      <symbol id="sm-6af">
         <name>dIh1kwadrat</name>
         <value>0x20000128</value>
         <object_component_ref idref="oc-8b"/>
      </symbol>
      <symbol id="sm-6b0">
         <name>_Xbig</name>
         <value>0x200039d0</value>
         <object_component_ref idref="oc-206"/>
      </symbol>
      <symbol id="sm-6b1">
         <name>_lock</name>
         <value>0x200039e0</value>
         <object_component_ref idref="oc-e5"/>
      </symbol>
      <symbol id="sm-6b2">
         <name>delay</name>
         <value>0x20004d88</value>
         <object_component_ref idref="oc-8e"/>
      </symbol>
      <symbol id="sm-6b3">
         <name>_Eps</name>
         <value>0x20003980</value>
         <object_component_ref idref="oc-206"/>
      </symbol>
      <symbol id="sm-6b4">
         <name>Uh1value</name>
         <value>0x20000164</value>
         <object_component_ref idref="oc-8b"/>
      </symbol>
      <symbol id="sm-6b5">
         <name>Ph1value</name>
         <value>0x200001e8</value>
         <object_component_ref idref="oc-8b"/>
      </symbol>
      <symbol id="sm-6b6">
         <name>tabWspDt2</name>
         <value>0x2000005e</value>
         <object_component_ref idref="oc-8b"/>
      </symbol>
      <symbol id="sm-6b7">
         <name>Qhn10min</name>
         <value>0x200003ec</value>
         <object_component_ref idref="oc-8b"/>
      </symbol>
      <symbol id="sm-6b8">
         <name>dIrms</name>
         <value>0x200000b0</value>
         <object_component_ref idref="oc-8b"/>
      </symbol>
      <symbol id="sm-6b9">
         <name>_unlock</name>
         <value>0x200039e4</value>
         <object_component_ref idref="oc-e5"/>
      </symbol>
      <symbol id="sm-6ba">
         <name>Ihn</name>
         <value>0x2000004c</value>
         <object_component_ref idref="oc-8b"/>
      </symbol>
      <symbol id="sm-6bb">
         <name>Qhnvalue10min</name>
         <value>0x20000320</value>
         <object_component_ref idref="oc-8b"/>
      </symbol>
      <symbol id="sm-6bc">
         <name>skalaNapiecia</name>
         <value>0x20000044</value>
         <object_component_ref idref="oc-8b"/>
      </symbol>
      <symbol id="sm-6bd">
         <name>Ih1</name>
         <value>0x200000c8</value>
         <object_component_ref idref="oc-8b"/>
      </symbol>
      <symbol id="sm-6be">
         <name>Uhnvalue</name>
         <value>0x2000017c</value>
         <object_component_ref idref="oc-8b"/>
      </symbol>
      <symbol id="sm-6bf">
         <name>Phnvalue</name>
         <value>0x20000200</value>
         <object_component_ref idref="oc-8b"/>
      </symbol>
      <symbol id="sm-6c0">
         <name>Ph1value10min</name>
         <value>0x200002fc</value>
         <object_component_ref idref="oc-8b"/>
      </symbol>
      <symbol id="sm-6c1">
         <name>dIhn10min</name>
         <value>0x20000380</value>
         <object_component_ref idref="oc-8b"/>
      </symbol>
      <symbol id="sm-6c2">
         <name>wyborWyswietlania</name>
         <value>0x20000034</value>
         <object_component_ref idref="oc-8b"/>
      </symbol>
      <symbol id="sm-6c3">
         <name>Qh110min</name>
         <value>0x200003d4</value>
         <object_component_ref idref="oc-8b"/>
      </symbol>
      <symbol id="sm-6c4">
         <name>_Denorm</name>
         <value>0x20003970</value>
         <object_component_ref idref="oc-206"/>
      </symbol>
      <symbol id="sm-6c5">
         <name>Phn</name>
         <value>0x20000104</value>
         <object_component_ref idref="oc-8b"/>
      </symbol>
      <symbol id="sm-6c6">
         <name>dIhnvalue10min</name>
         <value>0x200002d8</value>
         <object_component_ref idref="oc-8b"/>
      </symbol>
      <symbol id="sm-6c7">
         <name>Ph1</name>
         <value>0x200000ec</value>
         <object_component_ref idref="oc-8b"/>
      </symbol>
      <symbol id="sm-6c8">
         <name>dIhn</name>
         <value>0x20000052</value>
         <object_component_ref idref="oc-8b"/>
      </symbol>
      <symbol id="sm-6c9">
         <name>I220ms</name>
         <value>0x20000888</value>
         <object_component_ref idref="oc-8b"/>
      </symbol>
      <symbol id="sm-6ca">
         <name>bufor</name>
         <value>0x20000028</value>
         <object_component_ref idref="oc-8b"/>
      </symbol>
      <symbol id="sm-6cb">
         <name>dIh1</name>
         <value>0x200000d4</value>
         <object_component_ref idref="oc-8b"/>
      </symbol>
      <symbol id="sm-6cc">
         <name>_Tls_setup__Fenv</name>
         <value>0x200039f4</value>
         <object_component_ref idref="oc-209"/>
      </symbol>
      <symbol id="sm-6cd">
         <name>Qh1value</name>
         <value>0x200001f4</value>
         <object_component_ref idref="oc-8b"/>
      </symbol>
      <symbol id="sm-6ce">
         <name>U220ms</name>
         <value>0x20000978</value>
         <object_component_ref idref="oc-8b"/>
      </symbol>
      <symbol id="sm-6cf">
         <name>dTsekwencera</name>
         <value>0x20000040</value>
         <object_component_ref idref="oc-8b"/>
      </symbol>
      <symbol id="sm-6d0">
         <name>main_func_sp</name>
         <value>0x200039fc</value>
         <object_component_ref idref="oc-7d"/>
      </symbol>
      <symbol id="sm-6d1">
         <name>pomiar_napiecie</name>
         <value>0x20000488</value>
         <object_component_ref idref="oc-8b"/>
      </symbol>
      <symbol id="sm-6d2">
         <name>_Fenv</name>
         <value>0x200039f0</value>
         <object_component_ref idref="oc-209"/>
      </symbol>
      <symbol id="sm-6d3">
         <name>tabWspDt</name>
         <value>0x2000042e</value>
         <object_component_ref idref="oc-8b"/>
      </symbol>
      <symbol id="sm-6d4">
         <name>SW1on</name>
         <value>0x20000000</value>
         <object_component_ref idref="oc-8b"/>
      </symbol>
      <symbol id="sm-6d5">
         <name>stanPortuF</name>
         <value>0x20000030</value>
         <object_component_ref idref="oc-8b"/>
      </symbol>
      <symbol id="sm-6d6">
         <name>dIh110min</name>
         <value>0x20000368</value>
         <object_component_ref idref="oc-8b"/>
      </symbol>
      <symbol id="sm-6d7">
         <name>THDu</name>
         <value>0x2000026c</value>
         <object_component_ref idref="oc-8b"/>
      </symbol>
      <symbol id="sm-6d8">
         <name>THDi</name>
         <value>0x20000260</value>
         <object_component_ref idref="oc-8b"/>
      </symbol>
      <symbol id="sm-6d9">
         <name>ui32Period</name>
         <value>0x2000000c</value>
         <object_component_ref idref="oc-8b"/>
      </symbol>
      <symbol id="sm-6da">
         <name>Pcz</name>
         <value>0x2000008c</value>
         <object_component_ref idref="oc-8b"/>
      </symbol>
      <symbol id="sm-6db">
         <name>THDuvalue10min</name>
         <value>0x20000338</value>
         <object_component_ref idref="oc-8b"/>
      </symbol>
      <symbol id="sm-6dc">
         <name>Ic20ms</name>
         <value>0x2000062c</value>
         <object_component_ref idref="oc-8b"/>
      </symbol>
      <symbol id="sm-6dd">
         <name>Is20ms</name>
         <value>0x200005b4</value>
         <object_component_ref idref="oc-8b"/>
      </symbol>
      <symbol id="sm-6de">
         <name>Qhnvalue</name>
         <value>0x2000020c</value>
         <object_component_ref idref="oc-8b"/>
      </symbol>
      <symbol id="sm-6df">
         <name>key_klawisz2</name>
         <value>0x20000008</value>
         <object_component_ref idref="oc-8b"/>
      </symbol>
      <symbol id="sm-6e0">
         <name>Uc20ms</name>
         <value>0x2000080c</value>
         <object_component_ref idref="oc-8b"/>
      </symbol>
      <symbol id="sm-6e1">
         <name>Us20ms</name>
         <value>0x20000794</value>
         <object_component_ref idref="oc-8b"/>
      </symbol>
      <symbol id="sm-6e2">
         <name>Irmsvalue10min</name>
         <value>0x200002a8</value>
         <object_component_ref idref="oc-8b"/>
      </symbol>
      <symbol id="sm-6e3">
         <name>THDi10min</name>
         <value>0x200003f8</value>
         <object_component_ref idref="oc-8b"/>
      </symbol>
      <symbol id="sm-6e4">
         <name>Urmsvalue10min</name>
         <value>0x20000284</value>
         <object_component_ref idref="oc-8b"/>
      </symbol>
      <symbol id="sm-6e5">
         <name>tabsinx</name>
         <value>0x20000b58</value>
         <object_component_ref idref="oc-8b"/>
      </symbol>
      <symbol id="sm-6e6">
         <name>dI220ms</name>
         <value>0x20000a68</value>
         <object_component_ref idref="oc-8b"/>
      </symbol>
      <symbol id="sm-6e7">
         <name>Ihnvalue10min</name>
         <value>0x200002b4</value>
         <object_component_ref idref="oc-8b"/>
      </symbol>
      <symbol id="sm-6e8">
         <name>dIrmsvalue10min</name>
         <value>0x200002cc</value>
         <object_component_ref idref="oc-8b"/>
      </symbol>
      <symbol id="sm-6e9">
         <name>tabdI</name>
         <value>0x20000080</value>
         <object_component_ref idref="oc-8b"/>
      </symbol>
      <symbol id="sm-6ea">
         <name>THDu10min</name>
         <value>0x20000404</value>
         <object_component_ref idref="oc-8b"/>
      </symbol>
      <symbol id="sm-6eb">
         <name>Timer0IntHandler</name>
         <value>0x4099</value>
         <object_component_ref idref="oc-42"/>
      </symbol>
      <symbol id="sm-6ec">
         <name>buffer1</name>
         <value>0x200011a0</value>
         <object_component_ref idref="oc-8b"/>
      </symbol>
      <symbol id="sm-6ed">
         <name>diffIsum</name>
         <value>0x20000224</value>
         <object_component_ref idref="oc-8b"/>
      </symbol>
      <symbol id="sm-6ee">
         <name>__TI_decompress_none</name>
         <value>0x5781</value>
         <object_component_ref idref="oc-12"/>
      </symbol>
      <symbol id="sm-6ef">
         <name>_system_pre_init</name>
         <value>0x57c5</value>
         <object_component_ref idref="oc-65"/>
      </symbol>
      <symbol id="sm-6f0">
         <name>Uhnvalue10min</name>
         <value>0x20000290</value>
         <object_component_ref idref="oc-8b"/>
      </symbol>
      <symbol id="sm-6f1">
         <name>__TI_static_base__</name>
         <value>0x0</value>
      </symbol>
      <symbol id="sm-6f4">
         <name>SHT$$INIT_ARRAY$$Limit</name>
         <value>0x0</value>
      </symbol>
      <symbol id="sm-6f5">
         <name>SHT$$INIT_ARRAY$$Base</name>
         <value>0x0</value>
      </symbol>
      <symbol id="sm-6f6">
         <name>lcdConfig</name>
         <value>0x0</value>
      </symbol>
   </symbol_table>
   <title>Link errors: red sections failed placement</title>
</link_info>
