<?xml version="1.0"?>
<link_info>
   <banner>TI ARM Linker PC v5.0.7</banner>
   <copyright>Copyright (c) 1996-2013 Texas Instruments Incorporated</copyright>
   <link_time>0x5384e890</link_time>
   <output_file>EnergyMeter.out</output_file>
   <entry_point>
      <name>_c_int00</name>
      <address>0x4795</address>
   </entry_point>
   <input_file_list>
      <input_file id="fl-2">
         <path>.\</path>
         <kind>object</kind>
         <file>mathFunctions.obj</file>
         <name>mathFunctions.obj</name>
      </input_file>
      <input_file id="fl-3">
         <path>.\</path>
         <kind>object</kind>
         <file>main.obj</file>
         <name>main.obj</name>
      </input_file>
      <input_file id="fl-4">
         <path>.\</path>
         <kind>object</kind>
         <file>lcd44780_LP.obj</file>
         <name>lcd44780_LP.obj</name>
      </input_file>
      <input_file id="fl-5">
         <path>.\</path>
         <kind>object</kind>
         <file>ds3231.obj</file>
         <name>ds3231.obj</name>
      </input_file>
      <input_file id="fl-6">
         <path>.\</path>
         <kind>object</kind>
         <file>ADCW2.obj</file>
         <name>ADCW2.obj</name>
      </input_file>
      <input_file id="fl-7">
         <path>.\</path>
         <kind>object</kind>
         <file>27052014main.obj</file>
         <name>27052014main.obj</name>
      </input_file>
      <input_file id="fl-8">
         <path>.\</path>
         <kind>object</kind>
         <file>26052014main.obj</file>
         <name>26052014main.obj</name>
      </input_file>
      <input_file id="fl-135">
         <path>D:\ti\ccsv5\tools\compiler\arm_5.0.7\lib\</path>
         <kind>archive</kind>
         <file>rtsv7M4_T_le_v4SPD16_eabi.lib</file>
         <name>boot.obj</name>
      </input_file>
      <input_file id="fl-136">
         <path>D:\ti\ccsv5\tools\compiler\arm_5.0.7\lib\</path>
         <kind>archive</kind>
         <file>rtsv7M4_T_le_v4SPD16_eabi.lib</file>
         <name>copy_decompress_none.obj</name>
      </input_file>
      <input_file id="fl-137">
         <path>D:\ti\ccsv5\tools\compiler\arm_5.0.7\lib\</path>
         <kind>archive</kind>
         <file>rtsv7M4_T_le_v4SPD16_eabi.lib</file>
         <name>copy_decompress_rle.obj</name>
      </input_file>
      <input_file id="fl-138">
         <path>D:\ti\ccsv5\tools\compiler\arm_5.0.7\lib\</path>
         <kind>archive</kind>
         <file>rtsv7M4_T_le_v4SPD16_eabi.lib</file>
         <name>copy_zero_init.obj</name>
      </input_file>
      <input_file id="fl-139">
         <path>D:\ti\ccsv5\tools\compiler\arm_5.0.7\lib\</path>
         <kind>archive</kind>
         <file>rtsv7M4_T_le_v4SPD16_eabi.lib</file>
         <name>exit.obj</name>
      </input_file>
      <input_file id="fl-13a">
         <path>D:\ti\ccsv5\tools\compiler\arm_5.0.7\lib\</path>
         <kind>archive</kind>
         <file>rtsv7M4_T_le_v4SPD16_eabi.lib</file>
         <name>fd_div_t2.obj</name>
      </input_file>
      <input_file id="fl-13b">
         <path>D:\ti\ccsv5\tools\compiler\arm_5.0.7\lib\</path>
         <kind>archive</kind>
         <file>rtsv7M4_T_le_v4SPD16_eabi.lib</file>
         <name>fd_mul_t2.obj</name>
      </input_file>
      <input_file id="fl-13c">
         <path>D:\ti\ccsv5\tools\compiler\arm_5.0.7\lib\</path>
         <kind>archive</kind>
         <file>rtsv7M4_T_le_v4SPD16_eabi.lib</file>
         <name>fd_tos_t2.obj</name>
      </input_file>
      <input_file id="fl-13d">
         <path>D:\ti\ccsv5\tools\compiler\arm_5.0.7\lib\</path>
         <kind>archive</kind>
         <file>rtsv7M4_T_le_v4SPD16_eabi.lib</file>
         <name>fs_tod_t2.obj</name>
      </input_file>
      <input_file id="fl-13e">
         <path>D:\ti\ccsv5\tools\compiler\arm_5.0.7\lib\</path>
         <kind>archive</kind>
         <file>rtsv7M4_T_le_v4SPD16_eabi.lib</file>
         <name>memcpy_t2.obj</name>
      </input_file>
      <input_file id="fl-13f">
         <path>D:\ti\ccsv5\tools\compiler\arm_5.0.7\lib\</path>
         <kind>archive</kind>
         <file>rtsv7M4_T_le_v4SPD16_eabi.lib</file>
         <name>sprintf.obj</name>
      </input_file>
      <input_file id="fl-140">
         <path>D:\ti\ccsv5\tools\compiler\arm_5.0.7\lib\</path>
         <kind>archive</kind>
         <file>rtsv7M4_T_le_v4SPD16_eabi.lib</file>
         <name>stkdepth_vars.obj</name>
      </input_file>
      <input_file id="fl-141">
         <path>D:\ti\ccsv5\tools\compiler\arm_5.0.7\lib\</path>
         <kind>archive</kind>
         <file>rtsv7M4_T_le_v4SPD16_eabi.lib</file>
         <name>u_tofd_t2.obj</name>
      </input_file>
      <input_file id="fl-142">
         <path>D:\ti\ccsv5\tools\compiler\arm_5.0.7\lib\</path>
         <kind>archive</kind>
         <file>rtsv7M4_T_le_v4SPD16_eabi.lib</file>
         <name>_lock.obj</name>
      </input_file>
      <input_file id="fl-143">
         <path>D:\ti\ccsv5\tools\compiler\arm_5.0.7\lib\</path>
         <kind>archive</kind>
         <file>rtsv7M4_T_le_v4SPD16_eabi.lib</file>
         <name>_printfi.obj</name>
      </input_file>
      <input_file id="fl-144">
         <path>D:\ti\ccsv5\tools\compiler\arm_5.0.7\lib\</path>
         <kind>archive</kind>
         <file>rtsv7M4_T_le_v4SPD16_eabi.lib</file>
         <name>args_main.obj</name>
      </input_file>
      <input_file id="fl-145">
         <path>D:\ti\ccsv5\tools\compiler\arm_5.0.7\lib\</path>
         <kind>archive</kind>
         <file>rtsv7M4_T_le_v4SPD16_eabi.lib</file>
         <name>atoi.obj</name>
      </input_file>
      <input_file id="fl-146">
         <path>D:\ti\ccsv5\tools\compiler\arm_5.0.7\lib\</path>
         <kind>archive</kind>
         <file>rtsv7M4_T_le_v4SPD16_eabi.lib</file>
         <name>auto_init.obj</name>
      </input_file>
      <input_file id="fl-147">
         <path>D:\ti\ccsv5\tools\compiler\arm_5.0.7\lib\</path>
         <kind>archive</kind>
         <file>rtsv7M4_T_le_v4SPD16_eabi.lib</file>
         <name>cpy_tbl.obj</name>
      </input_file>
      <input_file id="fl-148">
         <path>D:\ti\ccsv5\tools\compiler\arm_5.0.7\lib\</path>
         <kind>archive</kind>
         <file>rtsv7M4_T_le_v4SPD16_eabi.lib</file>
         <name>ctype.obj</name>
      </input_file>
      <input_file id="fl-149">
         <path>D:\ti\ccsv5\tools\compiler\arm_5.0.7\lib\</path>
         <kind>archive</kind>
         <file>rtsv7M4_T_le_v4SPD16_eabi.lib</file>
         <name>fd_add_t2.obj</name>
      </input_file>
      <input_file id="fl-14a">
         <path>D:\ti\ccsv5\tools\compiler\arm_5.0.7\lib\</path>
         <kind>archive</kind>
         <file>rtsv7M4_T_le_v4SPD16_eabi.lib</file>
         <name>fd_cmp_t2.obj</name>
      </input_file>
      <input_file id="fl-14b">
         <path>D:\ti\ccsv5\tools\compiler\arm_5.0.7\lib\</path>
         <kind>archive</kind>
         <file>rtsv7M4_T_le_v4SPD16_eabi.lib</file>
         <name>fd_toi_t2.obj</name>
      </input_file>
      <input_file id="fl-14c">
         <path>D:\ti\ccsv5\tools\compiler\arm_5.0.7\lib\</path>
         <kind>archive</kind>
         <file>rtsv7M4_T_le_v4SPD16_eabi.lib</file>
         <name>i_tofd_t2.obj</name>
      </input_file>
      <input_file id="fl-14d">
         <path>D:\ti\ccsv5\tools\compiler\arm_5.0.7\lib\</path>
         <kind>archive</kind>
         <file>rtsv7M4_T_le_v4SPD16_eabi.lib</file>
         <name>ll_mul_t2.obj</name>
      </input_file>
      <input_file id="fl-14e">
         <path>D:\ti\ccsv5\tools\compiler\arm_5.0.7\lib\</path>
         <kind>archive</kind>
         <file>rtsv7M4_T_le_v4SPD16_eabi.lib</file>
         <name>ltoa.obj</name>
      </input_file>
      <input_file id="fl-14f">
         <path>D:\ti\ccsv5\tools\compiler\arm_5.0.7\lib\</path>
         <kind>archive</kind>
         <file>rtsv7M4_T_le_v4SPD16_eabi.lib</file>
         <name>memccpy.obj</name>
      </input_file>
      <input_file id="fl-150">
         <path>D:\ti\ccsv5\tools\compiler\arm_5.0.7\lib\</path>
         <kind>archive</kind>
         <file>rtsv7M4_T_le_v4SPD16_eabi.lib</file>
         <name>memset_t2.obj</name>
      </input_file>
      <input_file id="fl-151">
         <path>D:\ti\ccsv5\tools\compiler\arm_5.0.7\lib\</path>
         <kind>archive</kind>
         <file>rtsv7M4_T_le_v4SPD16_eabi.lib</file>
         <name>strlen.obj</name>
      </input_file>
      <input_file id="fl-152">
         <path>D:\ti\ccsv5\tools\compiler\arm_5.0.7\lib\</path>
         <kind>archive</kind>
         <file>rtsv7M4_T_le_v4SPD16_eabi.lib</file>
         <name>ull_div_t2.obj</name>
      </input_file>
      <input_file id="fl-153">
         <path>D:\ti\ccsv5\tools\compiler\arm_5.0.7\lib\</path>
         <kind>archive</kind>
         <file>rtsv7M4_T_le_v4SPD16_eabi.lib</file>
         <name>xdclass.obj</name>
      </input_file>
      <input_file id="fl-154">
         <path>D:\ti\ccsv5\tools\compiler\arm_5.0.7\lib\</path>
         <kind>archive</kind>
         <file>rtsv7M4_T_le_v4SPD16_eabi.lib</file>
         <name>xdtest.obj</name>
      </input_file>
      <input_file id="fl-155">
         <path>C:\ti\TivaWare_C_Series-1.0\examples\boards\ek-tm4c123gxl\hello\ccs\..\..\..\..\..\driverlib\ccs\Debug\</path>
         <kind>archive</kind>
         <file>driverlib.lib</file>
         <name>timer.obj</name>
      </input_file>
      <input_file id="fl-156">
         <path>C:\ti\TivaWare_C_Series-1.0\examples\boards\ek-tm4c123gxl\hello\ccs\..\..\..\..\..\driverlib\ccs\Debug\</path>
         <kind>archive</kind>
         <file>driverlib.lib</file>
         <name>sysctl.obj</name>
      </input_file>
      <input_file id="fl-157">
         <path>C:\ti\TivaWare_C_Series-1.0\examples\boards\ek-tm4c123gxl\hello\ccs\..\..\..\..\..\driverlib\ccs\Debug\</path>
         <kind>archive</kind>
         <file>driverlib.lib</file>
         <name>interrupt.obj</name>
      </input_file>
      <input_file id="fl-158">
         <path>C:\ti\TivaWare_C_Series-1.0\examples\boards\ek-tm4c123gxl\hello\ccs\..\..\..\..\..\driverlib\ccs\Debug\</path>
         <kind>archive</kind>
         <file>driverlib.lib</file>
         <name>i2c.obj</name>
      </input_file>
      <input_file id="fl-159">
         <path>C:\ti\TivaWare_C_Series-1.0\examples\boards\ek-tm4c123gxl\hello\ccs\..\..\..\..\..\driverlib\ccs\Debug\</path>
         <kind>archive</kind>
         <file>driverlib.lib</file>
         <name>gpio.obj</name>
      </input_file>
      <input_file id="fl-15a">
         <path>C:\ti\TivaWare_C_Series-1.0\examples\boards\ek-tm4c123gxl\hello\ccs\..\..\..\..\..\driverlib\ccs\Debug\</path>
         <kind>archive</kind>
         <file>driverlib.lib</file>
         <name>cpu.obj</name>
      </input_file>
   </input_file_list>
   <object_component_list>
      <object_component id="oc-42">
         <name>.text:main</name>
         <load_address>0x3a8c</load_address>
         <run_address>0x3a8c</run_address>
         <size>0x4b0</size>
         <input_file_ref idref="fl-3"/>
      </object_component>
      <object_component id="oc-74">
         <name>.text:SysCtlClockSet</name>
         <load_address>0x3f3c</load_address>
         <run_address>0x3f3c</run_address>
         <size>0x104</size>
         <input_file_ref idref="fl-156"/>
      </object_component>
      <object_component id="oc-df">
         <name>.text:initLCD</name>
         <load_address>0x4040</load_address>
         <run_address>0x4040</run_address>
         <size>0x100</size>
         <input_file_ref idref="fl-4"/>
      </object_component>
      <object_component id="oc-a0">
         <name>.text</name>
         <load_address>0x4140</load_address>
         <run_address>0x4140</run_address>
         <size>0xfc</size>
         <input_file_ref idref="fl-13b"/>
      </object_component>
      <object_component id="oc-da">
         <name>.text:ADC0_InitSeq1</name>
         <load_address>0x423c</load_address>
         <run_address>0x423c</run_address>
         <size>0xd8</size>
         <input_file_ref idref="fl-6"/>
      </object_component>
      <object_component id="oc-138">
         <name>.text:GPIOPadConfigSet</name>
         <load_address>0x4314</load_address>
         <run_address>0x4314</run_address>
         <size>0xb8</size>
         <input_file_ref idref="fl-159"/>
      </object_component>
      <object_component id="oc-ee">
         <name>.text:SysCtlClockGet</name>
         <load_address>0x43cc</load_address>
         <run_address>0x43cc</run_address>
         <size>0xb4</size>
         <input_file_ref idref="fl-156"/>
      </object_component>
      <object_component id="oc-22">
         <name>.text</name>
         <load_address>0x4480</load_address>
         <run_address>0x4480</run_address>
         <size>0x9c</size>
         <input_file_ref idref="fl-13e"/>
      </object_component>
      <object_component id="oc-13">
         <name>.text</name>
         <load_address>0x451c</load_address>
         <run_address>0x451c</run_address>
         <size>0x94</size>
         <input_file_ref idref="fl-146"/>
      </object_component>
      <object_component id="oc-e3">
         <name>.text:LCDCommand</name>
         <load_address>0x45b0</load_address>
         <run_address>0x45b0</run_address>
         <size>0x84</size>
         <input_file_ref idref="fl-4"/>
      </object_component>
      <object_component id="oc-f8">
         <name>.text:IntEnable</name>
         <load_address>0x4634</load_address>
         <run_address>0x4634</run_address>
         <size>0x60</size>
         <input_file_ref idref="fl-157"/>
      </object_component>
      <object_component id="oc-32">
         <name>.text</name>
         <load_address>0x4694</load_address>
         <run_address>0x4694</run_address>
         <size>0x5e</size>
         <input_file_ref idref="fl-137"/>
      </object_component>
      <object_component id="oc-85">
         <name>.text:setTimer</name>
         <load_address>0x46f4</load_address>
         <run_address>0x46f4</run_address>
         <size>0x54</size>
         <input_file_ref idref="fl-3"/>
      </object_component>
      <object_component id="oc-a4">
         <name>.text</name>
         <load_address>0x4748</load_address>
         <run_address>0x4748</run_address>
         <size>0x4a</size>
         <input_file_ref idref="fl-13c"/>
      </object_component>
      <object_component id="oc-2">
         <name>.text</name>
         <load_address>0x4794</load_address>
         <run_address>0x4794</run_address>
         <size>0x48</size>
         <input_file_ref idref="fl-135"/>
      </object_component>
      <object_component id="oc-79">
         <name>.text:portConfig</name>
         <load_address>0x47dc</load_address>
         <run_address>0x47dc</run_address>
         <size>0x44</size>
         <input_file_ref idref="fl-3"/>
      </object_component>
      <object_component id="oc-3d">
         <name>.text</name>
         <load_address>0x4820</load_address>
         <run_address>0x4820</run_address>
         <size>0x44</size>
         <input_file_ref idref="fl-147"/>
      </object_component>
      <object_component id="oc-143">
         <name>.text:GPIOD_ANALOG_INIT</name>
         <load_address>0x4864</load_address>
         <run_address>0x4864</run_address>
         <size>0x40</size>
         <input_file_ref idref="fl-6"/>
      </object_component>
      <object_component id="oc-1b">
         <name>.text</name>
         <load_address>0x48a4</load_address>
         <run_address>0x48a4</run_address>
         <size>0x40</size>
         <input_file_ref idref="fl-139"/>
      </object_component>
      <object_component id="oc-147">
         <name>.text:GPIOE_ANALOG_INIT</name>
         <load_address>0x48e4</load_address>
         <run_address>0x48e4</run_address>
         <size>0x3c</size>
         <input_file_ref idref="fl-6"/>
      </object_component>
      <object_component id="oc-8a">
         <name>.text:SquareRootRounded</name>
         <load_address>0x4920</load_address>
         <run_address>0x4920</run_address>
         <size>0x36</size>
         <input_file_ref idref="fl-2"/>
      </object_component>
      <object_component id="oc-d0">
         <name>.text:SysCtlPeripheralEnable</name>
         <load_address>0x4958</load_address>
         <run_address>0x4958</run_address>
         <size>0x34</size>
         <input_file_ref idref="fl-156"/>
      </object_component>
      <object_component id="oc-13d">
         <name>.text:GPIODirModeSet</name>
         <load_address>0x498c</load_address>
         <run_address>0x498c</run_address>
         <size>0x2a</size>
         <input_file_ref idref="fl-159"/>
      </object_component>
      <object_component id="oc-e9">
         <name>.text:TimerConfigure</name>
         <load_address>0x49b8</load_address>
         <run_address>0x49b8</run_address>
         <size>0x28</size>
         <input_file_ref idref="fl-155"/>
      </object_component>
      <object_component id="oc-9c">
         <name>.text</name>
         <load_address>0x49e0</load_address>
         <run_address>0x49e0</run_address>
         <size>0x20</size>
         <input_file_ref idref="fl-141"/>
      </object_component>
      <object_component id="oc-17">
         <name>.text</name>
         <load_address>0x4a00</load_address>
         <run_address>0x4a00</run_address>
         <size>0x18</size>
         <input_file_ref idref="fl-144"/>
      </object_component>
      <object_component id="oc-b4">
         <name>.text</name>
         <load_address>0x4a18</load_address>
         <run_address>0x4a18</run_address>
         <size>0x14</size>
         <input_file_ref idref="fl-142"/>
      </object_component>
      <object_component id="oc-81">
         <name>.text:setFPU</name>
         <load_address>0x4a2c</load_address>
         <run_address>0x4a2c</run_address>
         <size>0x14</size>
         <input_file_ref idref="fl-3"/>
      </object_component>
      <object_component id="oc-d5">
         <name>.text:GPIOPinTypeGPIOOutput</name>
         <load_address>0x4a40</load_address>
         <run_address>0x4a40</run_address>
         <size>0x12</size>
         <input_file_ref idref="fl-159"/>
      </object_component>
      <object_component id="oc-f3">
         <name>.text:TimerLoadSet</name>
         <load_address>0x4a52</load_address>
         <run_address>0x4a52</run_address>
         <size>0x12</size>
         <input_file_ref idref="fl-155"/>
      </object_component>
      <object_component id="oc-a">
         <name>.text:decompress:ZI</name>
         <load_address>0x4a64</load_address>
         <run_address>0x4a64</run_address>
         <size>0x12</size>
         <input_file_ref idref="fl-138"/>
      </object_component>
      <object_component id="oc-107">
         <name>.text:TimerEnable</name>
         <load_address>0x4a76</load_address>
         <run_address>0x4a76</run_address>
         <size>0xe</size>
         <input_file_ref idref="fl-155"/>
      </object_component>
      <object_component id="oc-6">
         <name>.text:decompress:none</name>
         <load_address>0x4a84</load_address>
         <run_address>0x4a84</run_address>
         <size>0xe</size>
         <input_file_ref idref="fl-136"/>
      </object_component>
      <object_component id="oc-7d">
         <name>.text:lcdConfig</name>
         <load_address>0x4a92</load_address>
         <run_address>0x4a92</run_address>
         <size>0xe</size>
         <input_file_ref idref="fl-3"/>
      </object_component>
      <object_component id="oc-160">
         <name>.text:CPUcpsie</name>
         <load_address>0x4aa0</load_address>
         <run_address>0x4aa0</run_address>
         <size>0xc</size>
         <input_file_ref idref="fl-15a"/>
      </object_component>
      <object_component id="oc-102">
         <name>.text:IntMasterEnable</name>
         <load_address>0x4aac</load_address>
         <run_address>0x4aac</run_address>
         <size>0xa</size>
         <input_file_ref idref="fl-157"/>
      </object_component>
      <object_component id="oc-fd">
         <name>.text:TimerIntEnable</name>
         <load_address>0x4ab6</load_address>
         <run_address>0x4ab6</run_address>
         <size>0x8</size>
         <input_file_ref idref="fl-155"/>
      </object_component>
      <object_component id="oc-14e">
         <name>.text:GPIOPinWrite</name>
         <load_address>0x4abe</load_address>
         <run_address>0x4abe</run_address>
         <size>0x6</size>
         <input_file_ref idref="fl-159"/>
      </object_component>
      <object_component id="oc-89">
         <name>.text:SysCtlDelay</name>
         <load_address>0x4ac4</load_address>
         <run_address>0x4ac4</run_address>
         <size>0x6</size>
         <input_file_ref idref="fl-156"/>
      </object_component>
      <object_component id="oc-e">
         <name>.text:decompress:rle24</name>
         <load_address>0x4aca</load_address>
         <run_address>0x4aca</run_address>
         <size>0x6</size>
         <input_file_ref idref="fl-137"/>
      </object_component>
      <object_component id="oc-15b">
         <name>.const</name>
         <load_address>0x4ad0</load_address>
         <run_address>0x4ad0</run_address>
         <size>0x70</size>
         <input_file_ref idref="fl-157"/>
      </object_component>
      <object_component id="oc-157">
         <name>.const:g_pui32Xtals</name>
         <load_address>0x4b40</load_address>
         <run_address>0x4b40</run_address>
         <size>0x6c</size>
         <input_file_ref idref="fl-156"/>
      </object_component>
      <object_component id="oc-1f">
         <name>.data</name>
         <load_address>0x3a88</load_address>
         <run_address>0x3a88</run_address>
         <size>0x4</size>
         <input_file_ref idref="fl-140"/>
      </object_component>
      <object_component id="oc-4c">
         <name>.data</name>
         <load_address>0x3a78</load_address>
         <run_address>0x3a78</run_address>
         <size>0x8</size>
         <input_file_ref idref="fl-142"/>
      </object_component>
      <object_component id="oc-4e">
         <name>.data</name>
         <load_address>0x3a80</load_address>
         <run_address>0x3a80</run_address>
         <size>0x8</size>
         <input_file_ref idref="fl-139"/>
      </object_component>
      <object_component id="oc-8e">
         <name>.data</name>
         <load_address>0x3900</load_address>
         <run_address>0x3900</run_address>
         <size>0x100</size>
         <input_file_ref idref="fl-3"/>
      </object_component>
      <object_component id="oc-90">
         <name>.data:tabWspDt</name>
         <load_address>0x3a3c</load_address>
         <run_address>0x3a3c</run_address>
         <size>0x3c</size>
         <input_file_ref idref="fl-3"/>
      </object_component>
      <object_component id="oc-92">
         <name>.data:tabWsp</name>
         <load_address>0x3a00</load_address>
         <run_address>0x3a00</run_address>
         <size>0x3c</size>
         <input_file_ref idref="fl-3"/>
      </object_component>
      <object_component id="oc-9a">
         <name>.data:I2</name>
         <load_address>0x2640</load_address>
         <run_address>0x2640</run_address>
         <size>0x960</size>
         <input_file_ref idref="fl-3"/>
      </object_component>
      <object_component id="oc-aa">
         <name>.data:U2</name>
         <load_address>0x2fa0</load_address>
         <run_address>0x2fa0</run_address>
         <size>0x960</size>
         <input_file_ref idref="fl-3"/>
      </object_component>
      <object_component id="oc-94">
         <name>.bss:tabUs20ms</name>
         <uninitialized>true</uninitialized>
         <run_address>0x1c40</run_address>
         <size>0x960</size>
         <input_file_ref idref="fl-3"/>
      </object_component>
      <object_component id="oc-96">
         <name>.bss:tabIc20ms</name>
         <uninitialized>true</uninitialized>
         <run_address>0x20</run_address>
         <size>0x960</size>
         <input_file_ref idref="fl-3"/>
      </object_component>
      <object_component id="oc-98">
         <name>.bss:tabIs20ms</name>
         <uninitialized>true</uninitialized>
         <run_address>0x980</run_address>
         <size>0x960</size>
         <input_file_ref idref="fl-3"/>
      </object_component>
      <object_component id="oc-a8">
         <name>.bss:tabUc20ms</name>
         <uninitialized>true</uninitialized>
         <run_address>0x12e0</run_address>
         <size>0x960</size>
         <input_file_ref idref="fl-3"/>
      </object_component>
      <object_component id="oc-ac">
         <name>.bss</name>
         <uninitialized>true</uninitialized>
         <run_address>0x25a0</run_address>
         <size>0x98</size>
         <input_file_ref idref="fl-3"/>
      </object_component>
      <object_component id="oc-14b">
         <name>.bss</name>
         <uninitialized>true</uninitialized>
         <run_address>0x2638</run_address>
         <size>0x8</size>
         <input_file_ref idref="fl-6"/>
      </object_component>
      <object_component id="oc-1a0">
         <name>.cinit..data.load</name>
         <load_address>0x4db0</load_address>
         <run_address>0x4db0</run_address>
         <size>0x55</size>
      </object_component>
      <object_component id="oc-19e">
         <name>__TI_handler_table</name>
         <load_address>0x4e08</load_address>
         <run_address>0x4e08</run_address>
         <size>0xc</size>
      </object_component>
      <object_component id="oc-1a1">
         <name>.cinit..bss.load</name>
         <load_address>0x4e18</load_address>
         <run_address>0x4e18</run_address>
         <size>0x8</size>
      </object_component>
      <object_component id="oc-19f">
         <name>__TI_cinit_table</name>
         <load_address>0x4e20</load_address>
         <run_address>0x4e20</run_address>
         <size>0x10</size>
      </object_component>
      <object_component id="oc-3">
         <name>.debug_info</name>
         <load_address>0x0</load_address>
         <run_address>0x0</run_address>
         <size>0xf4</size>
         <input_file_ref idref="fl-135"/>
      </object_component>
      <object_component id="oc-7">
         <name>.debug_info</name>
         <load_address>0xf4</load_address>
         <run_address>0xf4</run_address>
         <size>0x159</size>
         <input_file_ref idref="fl-136"/>
      </object_component>
      <object_component id="oc-b">
         <name>.debug_info</name>
         <load_address>0x24d</load_address>
         <run_address>0x24d</run_address>
         <size>0x193</size>
         <input_file_ref idref="fl-138"/>
      </object_component>
      <object_component id="oc-f">
         <name>.debug_info</name>
         <load_address>0x3e0</load_address>
         <run_address>0x3e0</run_address>
         <size>0x16a</size>
         <input_file_ref idref="fl-137"/>
      </object_component>
      <object_component id="oc-14">
         <name>.debug_info</name>
         <load_address>0x54a</load_address>
         <run_address>0x54a</run_address>
         <size>0x13f</size>
         <input_file_ref idref="fl-146"/>
      </object_component>
      <object_component id="oc-18">
         <name>.debug_info</name>
         <load_address>0x689</load_address>
         <run_address>0x689</run_address>
         <size>0xfe</size>
         <input_file_ref idref="fl-144"/>
      </object_component>
      <object_component id="oc-1c">
         <name>.debug_info</name>
         <load_address>0x787</load_address>
         <run_address>0x787</run_address>
         <size>0x205</size>
         <input_file_ref idref="fl-139"/>
      </object_component>
      <object_component id="oc-20">
         <name>.debug_info</name>
         <load_address>0x98c</load_address>
         <run_address>0x98c</run_address>
         <size>0xbe</size>
         <input_file_ref idref="fl-140"/>
      </object_component>
      <object_component id="oc-23">
         <name>.debug_info</name>
         <load_address>0xa4a</load_address>
         <run_address>0xa4a</run_address>
         <size>0xcd</size>
         <input_file_ref idref="fl-13e"/>
      </object_component>
      <object_component id="oc-27">
         <name>.debug_info</name>
         <load_address>0xb17</load_address>
         <run_address>0xb17</run_address>
         <size>0x46</size>
         <input_file_ref idref="fl-136"/>
      </object_component>
      <object_component id="oc-2d">
         <name>.debug_info</name>
         <load_address>0xb5d</load_address>
         <run_address>0xb5d</run_address>
         <size>0x46</size>
         <input_file_ref idref="fl-138"/>
      </object_component>
      <object_component id="oc-33">
         <name>.debug_info</name>
         <load_address>0xba3</load_address>
         <run_address>0xba3</run_address>
         <size>0x318</size>
         <input_file_ref idref="fl-137"/>
      </object_component>
      <object_component id="oc-37">
         <name>.debug_info</name>
         <load_address>0xebb</load_address>
         <run_address>0xebb</run_address>
         <size>0xb2</size>
         <input_file_ref idref="fl-137"/>
      </object_component>
      <object_component id="oc-38">
         <name>.debug_info</name>
         <load_address>0xf6d</load_address>
         <run_address>0xf6d</run_address>
         <size>0x39</size>
         <input_file_ref idref="fl-137"/>
      </object_component>
      <object_component id="oc-3e">
         <name>.debug_info</name>
         <load_address>0xfa6</load_address>
         <run_address>0xfa6</run_address>
         <size>0x191</size>
         <input_file_ref idref="fl-147"/>
      </object_component>
      <object_component id="oc-43">
         <name>.debug_info</name>
         <load_address>0x1137</load_address>
         <run_address>0x1137</run_address>
         <size>0x51e</size>
         <input_file_ref idref="fl-3"/>
      </object_component>
      <object_component id="oc-47">
         <name>.debug_info</name>
         <load_address>0x1655</load_address>
         <run_address>0x1655</run_address>
         <size>0x90</size>
         <input_file_ref idref="fl-13f"/>
      </object_component>
      <object_component id="oc-4d">
         <name>.debug_info</name>
         <load_address>0x16e5</load_address>
         <run_address>0x16e5</run_address>
         <size>0xc8</size>
         <input_file_ref idref="fl-142"/>
      </object_component>
      <object_component id="oc-4f">
         <name>.debug_info</name>
         <load_address>0x17ad</load_address>
         <run_address>0x17ad</run_address>
         <size>0xdb</size>
         <input_file_ref idref="fl-139"/>
      </object_component>
      <object_component id="oc-51">
         <name>.debug_info</name>
         <load_address>0x1888</load_address>
         <run_address>0x1888</run_address>
         <size>0x89</size>
         <input_file_ref idref="fl-136"/>
      </object_component>
      <object_component id="oc-58">
         <name>.debug_info</name>
         <load_address>0x1911</load_address>
         <run_address>0x1911</run_address>
         <size>0x83</size>
         <input_file_ref idref="fl-140"/>
      </object_component>
      <object_component id="oc-5e">
         <name>.debug_info</name>
         <load_address>0x1994</load_address>
         <run_address>0x1994</run_address>
         <size>0x46</size>
         <input_file_ref idref="fl-136"/>
      </object_component>
      <object_component id="oc-63">
         <name>.debug_info</name>
         <load_address>0x19da</load_address>
         <run_address>0x19da</run_address>
         <size>0xe8</size>
         <input_file_ref idref="fl-136"/>
      </object_component>
      <object_component id="oc-64">
         <name>.debug_info</name>
         <load_address>0x1ac2</load_address>
         <run_address>0x1ac2</run_address>
         <size>0x2c</size>
         <input_file_ref idref="fl-137"/>
      </object_component>
      <object_component id="oc-69">
         <name>.debug_info</name>
         <load_address>0x1aee</load_address>
         <run_address>0x1aee</run_address>
         <size>0xa8</size>
         <input_file_ref idref="fl-138"/>
      </object_component>
      <object_component id="oc-6b">
         <name>.debug_info</name>
         <load_address>0x1b96</load_address>
         <run_address>0x1b96</run_address>
         <size>0x84</size>
         <input_file_ref idref="fl-137"/>
      </object_component>
      <object_component id="oc-73">
         <name>.debug_info</name>
         <load_address>0x1c1a</load_address>
         <run_address>0x1c1a</run_address>
         <size>0x143</size>
         <input_file_ref idref="fl-147"/>
      </object_component>
      <object_component id="oc-75">
         <name>.debug_info</name>
         <load_address>0x1d5d</load_address>
         <run_address>0x1d5d</run_address>
         <size>0x2d4</size>
         <input_file_ref idref="fl-156"/>
      </object_component>
      <object_component id="oc-7a">
         <name>.debug_info</name>
         <load_address>0x2031</load_address>
         <run_address>0x2031</run_address>
         <size>0x1b3</size>
         <input_file_ref idref="fl-3"/>
      </object_component>
      <object_component id="oc-7e">
         <name>.debug_info</name>
         <load_address>0x21e4</load_address>
         <run_address>0x21e4</run_address>
         <size>0x10a</size>
         <input_file_ref idref="fl-3"/>
      </object_component>
      <object_component id="oc-82">
         <name>.debug_info</name>
         <load_address>0x22ee</load_address>
         <run_address>0x22ee</run_address>
         <size>0xf3</size>
         <input_file_ref idref="fl-3"/>
      </object_component>
      <object_component id="oc-86">
         <name>.debug_info</name>
         <load_address>0x23e1</load_address>
         <run_address>0x23e1</run_address>
         <size>0x190</size>
         <input_file_ref idref="fl-3"/>
      </object_component>
      <object_component id="oc-8b">
         <name>.debug_info</name>
         <load_address>0x2571</load_address>
         <run_address>0x2571</run_address>
         <size>0x213</size>
         <input_file_ref idref="fl-2"/>
      </object_component>
      <object_component id="oc-8f">
         <name>.debug_info</name>
         <load_address>0x2784</load_address>
         <run_address>0x2784</run_address>
         <size>0x3d2</size>
         <input_file_ref idref="fl-3"/>
      </object_component>
      <object_component id="oc-91">
         <name>.debug_info</name>
         <load_address>0x2b56</load_address>
         <run_address>0x2b56</run_address>
         <size>0xbb</size>
         <input_file_ref idref="fl-3"/>
      </object_component>
      <object_component id="oc-93">
         <name>.debug_info</name>
         <load_address>0x2c11</load_address>
         <run_address>0x2c11</run_address>
         <size>0xb7</size>
         <input_file_ref idref="fl-3"/>
      </object_component>
      <object_component id="oc-95">
         <name>.debug_info</name>
         <load_address>0x2cc8</load_address>
         <run_address>0x2cc8</run_address>
         <size>0xbd</size>
         <input_file_ref idref="fl-3"/>
      </object_component>
      <object_component id="oc-97">
         <name>.debug_info</name>
         <load_address>0x2d85</load_address>
         <run_address>0x2d85</run_address>
         <size>0xbd</size>
         <input_file_ref idref="fl-3"/>
      </object_component>
      <object_component id="oc-99">
         <name>.debug_info</name>
         <load_address>0x2e42</load_address>
         <run_address>0x2e42</run_address>
         <size>0xbd</size>
         <input_file_ref idref="fl-3"/>
      </object_component>
      <object_component id="oc-9b">
         <name>.debug_info</name>
         <load_address>0x2eff</load_address>
         <run_address>0x2eff</run_address>
         <size>0xaf</size>
         <input_file_ref idref="fl-3"/>
      </object_component>
      <object_component id="oc-9d">
         <name>.debug_info</name>
         <load_address>0x2fae</load_address>
         <run_address>0x2fae</run_address>
         <size>0xe2</size>
         <input_file_ref idref="fl-141"/>
      </object_component>
      <object_component id="oc-a1">
         <name>.debug_info</name>
         <load_address>0x3090</load_address>
         <run_address>0x3090</run_address>
         <size>0xee</size>
         <input_file_ref idref="fl-13b"/>
      </object_component>
      <object_component id="oc-a5">
         <name>.debug_info</name>
         <load_address>0x317e</load_address>
         <run_address>0x317e</run_address>
         <size>0xe9</size>
         <input_file_ref idref="fl-13c"/>
      </object_component>
      <object_component id="oc-a9">
         <name>.debug_info</name>
         <load_address>0x3267</load_address>
         <run_address>0x3267</run_address>
         <size>0xbd</size>
         <input_file_ref idref="fl-3"/>
      </object_component>
      <object_component id="oc-ab">
         <name>.debug_info</name>
         <load_address>0x3324</load_address>
         <run_address>0x3324</run_address>
         <size>0xaf</size>
         <input_file_ref idref="fl-3"/>
      </object_component>
      <object_component id="oc-ad">
         <name>.debug_info</name>
         <load_address>0x33d3</load_address>
         <run_address>0x33d3</run_address>
         <size>0x234</size>
         <input_file_ref idref="fl-3"/>
      </object_component>
      <object_component id="oc-af">
         <name>.debug_info</name>
         <load_address>0x3607</load_address>
         <run_address>0x3607</run_address>
         <size>0x90</size>
         <input_file_ref idref="fl-3"/>
      </object_component>
      <object_component id="oc-b5">
         <name>.debug_info</name>
         <load_address>0x3697</load_address>
         <run_address>0x3697</run_address>
         <size>0x1ba</size>
         <input_file_ref idref="fl-142"/>
      </object_component>
      <object_component id="oc-ba">
         <name>.debug_info</name>
         <load_address>0x3851</load_address>
         <run_address>0x3851</run_address>
         <size>0xd4</size>
         <input_file_ref idref="fl-142"/>
      </object_component>
      <object_component id="oc-bd">
         <name>.debug_info</name>
         <load_address>0x3925</load_address>
         <run_address>0x3925</run_address>
         <size>0x157</size>
         <input_file_ref idref="fl-139"/>
      </object_component>
      <object_component id="oc-c4">
         <name>.debug_info</name>
         <load_address>0x3a7c</load_address>
         <run_address>0x3a7c</run_address>
         <size>0xcd</size>
         <input_file_ref idref="fl-147"/>
      </object_component>
      <object_component id="oc-ca">
         <name>.debug_info</name>
         <load_address>0x3b49</load_address>
         <run_address>0x3b49</run_address>
         <size>0x18b</size>
         <input_file_ref idref="fl-155"/>
      </object_component>
      <object_component id="oc-cf">
         <name>.debug_info</name>
         <load_address>0x3cd4</load_address>
         <run_address>0x3cd4</run_address>
         <size>0x1e2</size>
         <input_file_ref idref="fl-156"/>
      </object_component>
      <object_component id="oc-d1">
         <name>.debug_info</name>
         <load_address>0x3eb6</load_address>
         <run_address>0x3eb6</run_address>
         <size>0x1e1</size>
         <input_file_ref idref="fl-156"/>
      </object_component>
      <object_component id="oc-d6">
         <name>.debug_info</name>
         <load_address>0x4097</load_address>
         <run_address>0x4097</run_address>
         <size>0x1eb</size>
         <input_file_ref idref="fl-159"/>
      </object_component>
      <object_component id="oc-db">
         <name>.debug_info</name>
         <load_address>0x4282</load_address>
         <run_address>0x4282</run_address>
         <size>0x126</size>
         <input_file_ref idref="fl-6"/>
      </object_component>
      <object_component id="oc-e0">
         <name>.debug_info</name>
         <load_address>0x43a8</load_address>
         <run_address>0x43a8</run_address>
         <size>0x301</size>
         <input_file_ref idref="fl-4"/>
      </object_component>
      <object_component id="oc-e4">
         <name>.debug_info</name>
         <load_address>0x46a9</load_address>
         <run_address>0x46a9</run_address>
         <size>0x1f9</size>
         <input_file_ref idref="fl-4"/>
      </object_component>
      <object_component id="oc-ea">
         <name>.debug_info</name>
         <load_address>0x48a2</load_address>
         <run_address>0x48a2</run_address>
         <size>0x1f0</size>
         <input_file_ref idref="fl-155"/>
      </object_component>
      <object_component id="oc-ef">
         <name>.debug_info</name>
         <load_address>0x4a92</load_address>
         <run_address>0x4a92</run_address>
         <size>0x202</size>
         <input_file_ref idref="fl-156"/>
      </object_component>
      <object_component id="oc-f4">
         <name>.debug_info</name>
         <load_address>0x4c94</load_address>
         <run_address>0x4c94</run_address>
         <size>0x21e</size>
         <input_file_ref idref="fl-155"/>
      </object_component>
      <object_component id="oc-f9">
         <name>.debug_info</name>
         <load_address>0x4eb2</load_address>
         <run_address>0x4eb2</run_address>
         <size>0x1cc</size>
         <input_file_ref idref="fl-157"/>
      </object_component>
      <object_component id="oc-fe">
         <name>.debug_info</name>
         <load_address>0x507e</load_address>
         <run_address>0x507e</run_address>
         <size>0x1f8</size>
         <input_file_ref idref="fl-155"/>
      </object_component>
      <object_component id="oc-103">
         <name>.debug_info</name>
         <load_address>0x5276</load_address>
         <run_address>0x5276</run_address>
         <size>0x1a2</size>
         <input_file_ref idref="fl-157"/>
      </object_component>
      <object_component id="oc-108">
         <name>.debug_info</name>
         <load_address>0x5418</load_address>
         <run_address>0x5418</run_address>
         <size>0x1e3</size>
         <input_file_ref idref="fl-155"/>
      </object_component>
      <object_component id="oc-10e">
         <name>.debug_info</name>
         <load_address>0x55fb</load_address>
         <run_address>0x55fb</run_address>
         <size>0x18b</size>
         <input_file_ref idref="fl-2"/>
      </object_component>
      <object_component id="oc-115">
         <name>.debug_info</name>
         <load_address>0x5786</load_address>
         <run_address>0x5786</run_address>
         <size>0x508</size>
         <input_file_ref idref="fl-3"/>
      </object_component>
      <object_component id="oc-130">
         <name>.debug_info</name>
         <load_address>0x5c8e</load_address>
         <run_address>0x5c8e</run_address>
         <size>0x90</size>
         <input_file_ref idref="fl-155"/>
      </object_component>
      <object_component id="oc-139">
         <name>.debug_info</name>
         <load_address>0x5d1e</load_address>
         <run_address>0x5d1e</run_address>
         <size>0x265</size>
         <input_file_ref idref="fl-159"/>
      </object_component>
      <object_component id="oc-13e">
         <name>.debug_info</name>
         <load_address>0x5f83</load_address>
         <run_address>0x5f83</run_address>
         <size>0x215</size>
         <input_file_ref idref="fl-159"/>
      </object_component>
      <object_component id="oc-144">
         <name>.debug_info</name>
         <load_address>0x6198</load_address>
         <run_address>0x6198</run_address>
         <size>0xfe</size>
         <input_file_ref idref="fl-6"/>
      </object_component>
      <object_component id="oc-148">
         <name>.debug_info</name>
         <load_address>0x6296</load_address>
         <run_address>0x6296</run_address>
         <size>0xfe</size>
         <input_file_ref idref="fl-6"/>
      </object_component>
      <object_component id="oc-14c">
         <name>.debug_info</name>
         <load_address>0x6394</load_address>
         <run_address>0x6394</run_address>
         <size>0xc9</size>
         <input_file_ref idref="fl-6"/>
      </object_component>
      <object_component id="oc-14f">
         <name>.debug_info</name>
         <load_address>0x645d</load_address>
         <run_address>0x645d</run_address>
         <size>0x207</size>
         <input_file_ref idref="fl-159"/>
      </object_component>
      <object_component id="oc-156">
         <name>.debug_info</name>
         <load_address>0x6664</load_address>
         <run_address>0x6664</run_address>
         <size>0x1b9</size>
         <input_file_ref idref="fl-155"/>
      </object_component>
      <object_component id="oc-158">
         <name>.debug_info</name>
         <load_address>0x681d</load_address>
         <run_address>0x681d</run_address>
         <size>0xff</size>
         <input_file_ref idref="fl-156"/>
      </object_component>
      <object_component id="oc-15c">
         <name>.debug_info</name>
         <load_address>0x691c</load_address>
         <run_address>0x691c</run_address>
         <size>0x1c2</size>
         <input_file_ref idref="fl-157"/>
      </object_component>
      <object_component id="oc-15e">
         <name>.debug_info</name>
         <load_address>0x6ade</load_address>
         <run_address>0x6ade</run_address>
         <size>0x1ba</size>
         <input_file_ref idref="fl-157"/>
      </object_component>
      <object_component id="oc-161">
         <name>.debug_info</name>
         <load_address>0x6c98</load_address>
         <run_address>0x6c98</run_address>
         <size>0x176</size>
         <input_file_ref idref="fl-15a"/>
      </object_component>
      <object_component id="oc-167">
         <name>.debug_info</name>
         <load_address>0x6e0e</load_address>
         <run_address>0x6e0e</run_address>
         <size>0x89</size>
         <input_file_ref idref="fl-2"/>
      </object_component>
      <object_component id="oc-16f">
         <name>.debug_info</name>
         <load_address>0x6e97</load_address>
         <run_address>0x6e97</run_address>
         <size>0x1d1</size>
         <input_file_ref idref="fl-159"/>
      </object_component>
      <object_component id="oc-1bb">
         <name>.debug_info</name>
         <load_address>0x7068</load_address>
         <run_address>0x7068</run_address>
         <size>0x91</size>
      </object_component>
      <object_component id="oc-4">
         <name>.debug_line</name>
         <load_address>0x0</load_address>
         <run_address>0x0</run_address>
         <size>0x4f</size>
         <input_file_ref idref="fl-135"/>
      </object_component>
      <object_component id="oc-8">
         <name>.debug_line</name>
         <load_address>0x4f</load_address>
         <run_address>0x4f</run_address>
         <size>0x4d</size>
         <input_file_ref idref="fl-136"/>
      </object_component>
      <object_component id="oc-c">
         <name>.debug_line</name>
         <load_address>0x9c</load_address>
         <run_address>0x9c</run_address>
         <size>0x4c</size>
         <input_file_ref idref="fl-138"/>
      </object_component>
      <object_component id="oc-10">
         <name>.debug_line</name>
         <load_address>0xe8</load_address>
         <run_address>0xe8</run_address>
         <size>0x4c</size>
         <input_file_ref idref="fl-137"/>
      </object_component>
      <object_component id="oc-15">
         <name>.debug_line</name>
         <load_address>0x134</load_address>
         <run_address>0x134</run_address>
         <size>0x87</size>
         <input_file_ref idref="fl-146"/>
      </object_component>
      <object_component id="oc-19">
         <name>.debug_line</name>
         <load_address>0x1bb</load_address>
         <run_address>0x1bb</run_address>
         <size>0x42</size>
         <input_file_ref idref="fl-144"/>
      </object_component>
      <object_component id="oc-1d">
         <name>.debug_line</name>
         <load_address>0x1fd</load_address>
         <run_address>0x1fd</run_address>
         <size>0x71</size>
         <input_file_ref idref="fl-139"/>
      </object_component>
      <object_component id="oc-24">
         <name>.debug_line</name>
         <load_address>0x26e</load_address>
         <run_address>0x26e</run_address>
         <size>0x88</size>
         <input_file_ref idref="fl-13e"/>
      </object_component>
      <object_component id="oc-29">
         <name>.debug_line</name>
         <load_address>0x2f6</load_address>
         <run_address>0x2f6</run_address>
         <size>0x3a</size>
         <input_file_ref idref="fl-136"/>
      </object_component>
      <object_component id="oc-2f">
         <name>.debug_line</name>
         <load_address>0x330</load_address>
         <run_address>0x330</run_address>
         <size>0x34</size>
         <input_file_ref idref="fl-138"/>
      </object_component>
      <object_component id="oc-34">
         <name>.debug_line</name>
         <load_address>0x364</load_address>
         <run_address>0x364</run_address>
         <size>0x58</size>
         <input_file_ref idref="fl-137"/>
      </object_component>
      <object_component id="oc-3a">
         <name>.debug_line</name>
         <load_address>0x3bc</load_address>
         <run_address>0x3bc</run_address>
         <size>0x39</size>
         <input_file_ref idref="fl-137"/>
      </object_component>
      <object_component id="oc-3f">
         <name>.debug_line</name>
         <load_address>0x3f5</load_address>
         <run_address>0x3f5</run_address>
         <size>0x43</size>
         <input_file_ref idref="fl-147"/>
      </object_component>
      <object_component id="oc-44">
         <name>.debug_line</name>
         <load_address>0x438</load_address>
         <run_address>0x438</run_address>
         <size>0x6b</size>
         <input_file_ref idref="fl-3"/>
      </object_component>
      <object_component id="oc-49">
         <name>.debug_line</name>
         <load_address>0x4a3</load_address>
         <run_address>0x4a3</run_address>
         <size>0x20</size>
         <input_file_ref idref="fl-13f"/>
      </object_component>
      <object_component id="oc-53">
         <name>.debug_line</name>
         <load_address>0x4c3</load_address>
         <run_address>0x4c3</run_address>
         <size>0x20</size>
         <input_file_ref idref="fl-136"/>
      </object_component>
      <object_component id="oc-57">
         <name>.debug_line</name>
         <load_address>0x4e3</load_address>
         <run_address>0x4e3</run_address>
         <size>0x33</size>
         <input_file_ref idref="fl-140"/>
      </object_component>
      <object_component id="oc-5a">
         <name>.debug_line</name>
         <load_address>0x516</load_address>
         <run_address>0x516</run_address>
         <size>0x20</size>
         <input_file_ref idref="fl-140"/>
      </object_component>
      <object_component id="oc-60">
         <name>.debug_line</name>
         <load_address>0x536</load_address>
         <run_address>0x536</run_address>
         <size>0x44</size>
         <input_file_ref idref="fl-136"/>
      </object_component>
      <object_component id="oc-66">
         <name>.debug_line</name>
         <load_address>0x57a</load_address>
         <run_address>0x57a</run_address>
         <size>0x44</size>
         <input_file_ref idref="fl-137"/>
      </object_component>
      <object_component id="oc-6d">
         <name>.debug_line</name>
         <load_address>0x5be</load_address>
         <run_address>0x5be</run_address>
         <size>0x20</size>
         <input_file_ref idref="fl-137"/>
      </object_component>
      <object_component id="oc-71">
         <name>.debug_line</name>
         <load_address>0x5de</load_address>
         <run_address>0x5de</run_address>
         <size>0x20</size>
         <input_file_ref idref="fl-137"/>
      </object_component>
      <object_component id="oc-76">
         <name>.debug_line</name>
         <load_address>0x5fe</load_address>
         <run_address>0x5fe</run_address>
         <size>0xd2</size>
         <input_file_ref idref="fl-156"/>
      </object_component>
      <object_component id="oc-7b">
         <name>.debug_line</name>
         <load_address>0x6d0</load_address>
         <run_address>0x6d0</run_address>
         <size>0x46</size>
         <input_file_ref idref="fl-3"/>
      </object_component>
      <object_component id="oc-7f">
         <name>.debug_line</name>
         <load_address>0x716</load_address>
         <run_address>0x716</run_address>
         <size>0x42</size>
         <input_file_ref idref="fl-3"/>
      </object_component>
      <object_component id="oc-83">
         <name>.debug_line</name>
         <load_address>0x758</load_address>
         <run_address>0x758</run_address>
         <size>0x42</size>
         <input_file_ref idref="fl-3"/>
      </object_component>
      <object_component id="oc-87">
         <name>.debug_line</name>
         <load_address>0x79a</load_address>
         <run_address>0x79a</run_address>
         <size>0x46</size>
         <input_file_ref idref="fl-3"/>
      </object_component>
      <object_component id="oc-8c">
         <name>.debug_line</name>
         <load_address>0x7e0</load_address>
         <run_address>0x7e0</run_address>
         <size>0x50</size>
         <input_file_ref idref="fl-2"/>
      </object_component>
      <object_component id="oc-9e">
         <name>.debug_line</name>
         <load_address>0x830</load_address>
         <run_address>0x830</run_address>
         <size>0x4c</size>
         <input_file_ref idref="fl-141"/>
      </object_component>
      <object_component id="oc-a2">
         <name>.debug_line</name>
         <load_address>0x87c</load_address>
         <run_address>0x87c</run_address>
         <size>0x8e</size>
         <input_file_ref idref="fl-13b"/>
      </object_component>
      <object_component id="oc-a6">
         <name>.debug_line</name>
         <load_address>0x90a</load_address>
         <run_address>0x90a</run_address>
         <size>0x58</size>
         <input_file_ref idref="fl-13c"/>
      </object_component>
      <object_component id="oc-b1">
         <name>.debug_line</name>
         <load_address>0x962</load_address>
         <run_address>0x962</run_address>
         <size>0x20</size>
         <input_file_ref idref="fl-3"/>
      </object_component>
      <object_component id="oc-b6">
         <name>.debug_line</name>
         <load_address>0x982</load_address>
         <run_address>0x982</run_address>
         <size>0x60</size>
         <input_file_ref idref="fl-142"/>
      </object_component>
      <object_component id="oc-b9">
         <name>.debug_line</name>
         <load_address>0x9e2</load_address>
         <run_address>0x9e2</run_address>
         <size>0x2b</size>
         <input_file_ref idref="fl-142"/>
      </object_component>
      <object_component id="oc-bc">
         <name>.debug_line</name>
         <load_address>0xa0d</load_address>
         <run_address>0xa0d</run_address>
         <size>0x2a</size>
         <input_file_ref idref="fl-139"/>
      </object_component>
      <object_component id="oc-bf">
         <name>.debug_line</name>
         <load_address>0xa37</load_address>
         <run_address>0xa37</run_address>
         <size>0x20</size>
         <input_file_ref idref="fl-136"/>
      </object_component>
      <object_component id="oc-c1">
         <name>.debug_line</name>
         <load_address>0xa57</load_address>
         <run_address>0xa57</run_address>
         <size>0x20</size>
         <input_file_ref idref="fl-138"/>
      </object_component>
      <object_component id="oc-c3">
         <name>.debug_line</name>
         <load_address>0xa77</load_address>
         <run_address>0xa77</run_address>
         <size>0x51</size>
         <input_file_ref idref="fl-147"/>
      </object_component>
      <object_component id="oc-c6">
         <name>.debug_line</name>
         <load_address>0xac8</load_address>
         <run_address>0xac8</run_address>
         <size>0x45</size>
         <input_file_ref idref="fl-147"/>
      </object_component>
      <object_component id="oc-cc">
         <name>.debug_line</name>
         <load_address>0xb0d</load_address>
         <run_address>0xb0d</run_address>
         <size>0x5e</size>
         <input_file_ref idref="fl-155"/>
      </object_component>
      <object_component id="oc-d2">
         <name>.debug_line</name>
         <load_address>0xb6b</load_address>
         <run_address>0xb6b</run_address>
         <size>0x6d</size>
         <input_file_ref idref="fl-156"/>
      </object_component>
      <object_component id="oc-d7">
         <name>.debug_line</name>
         <load_address>0xbd8</load_address>
         <run_address>0xbd8</run_address>
         <size>0x6c</size>
         <input_file_ref idref="fl-159"/>
      </object_component>
      <object_component id="oc-dc">
         <name>.debug_line</name>
         <load_address>0xc44</load_address>
         <run_address>0xc44</run_address>
         <size>0x46</size>
         <input_file_ref idref="fl-6"/>
      </object_component>
      <object_component id="oc-e1">
         <name>.debug_line</name>
         <load_address>0xc8a</load_address>
         <run_address>0xc8a</run_address>
         <size>0x4c</size>
         <input_file_ref idref="fl-4"/>
      </object_component>
      <object_component id="oc-e5">
         <name>.debug_line</name>
         <load_address>0xcd6</load_address>
         <run_address>0xcd6</run_address>
         <size>0x4c</size>
         <input_file_ref idref="fl-4"/>
      </object_component>
      <object_component id="oc-eb">
         <name>.debug_line</name>
         <load_address>0xd22</load_address>
         <run_address>0xd22</run_address>
         <size>0x71</size>
         <input_file_ref idref="fl-155"/>
      </object_component>
      <object_component id="oc-f0">
         <name>.debug_line</name>
         <load_address>0xd93</load_address>
         <run_address>0xd93</run_address>
         <size>0xb2</size>
         <input_file_ref idref="fl-156"/>
      </object_component>
      <object_component id="oc-f5">
         <name>.debug_line</name>
         <load_address>0xe45</load_address>
         <run_address>0xe45</run_address>
         <size>0x75</size>
         <input_file_ref idref="fl-155"/>
      </object_component>
      <object_component id="oc-fa">
         <name>.debug_line</name>
         <load_address>0xeba</load_address>
         <run_address>0xeba</run_address>
         <size>0x99</size>
         <input_file_ref idref="fl-157"/>
      </object_component>
      <object_component id="oc-ff">
         <name>.debug_line</name>
         <load_address>0xf53</load_address>
         <run_address>0xf53</run_address>
         <size>0x6c</size>
         <input_file_ref idref="fl-155"/>
      </object_component>
      <object_component id="oc-104">
         <name>.debug_line</name>
         <load_address>0xfbf</load_address>
         <run_address>0xfbf</run_address>
         <size>0x70</size>
         <input_file_ref idref="fl-157"/>
      </object_component>
      <object_component id="oc-109">
         <name>.debug_line</name>
         <load_address>0x102f</load_address>
         <run_address>0x102f</run_address>
         <size>0x6c</size>
         <input_file_ref idref="fl-155"/>
      </object_component>
      <object_component id="oc-110">
         <name>.debug_line</name>
         <load_address>0x109b</load_address>
         <run_address>0x109b</run_address>
         <size>0x59</size>
         <input_file_ref idref="fl-2"/>
      </object_component>
      <object_component id="oc-114">
         <name>.debug_line</name>
         <load_address>0x10f4</load_address>
         <run_address>0x10f4</run_address>
         <size>0x2d</size>
         <input_file_ref idref="fl-3"/>
      </object_component>
      <object_component id="oc-117">
         <name>.debug_line</name>
         <load_address>0x1121</load_address>
         <run_address>0x1121</run_address>
         <size>0x2d</size>
         <input_file_ref idref="fl-3"/>
      </object_component>
      <object_component id="oc-119">
         <name>.debug_line</name>
         <load_address>0x114e</load_address>
         <run_address>0x114e</run_address>
         <size>0x2d</size>
         <input_file_ref idref="fl-3"/>
      </object_component>
      <object_component id="oc-11b">
         <name>.debug_line</name>
         <load_address>0x117b</load_address>
         <run_address>0x117b</run_address>
         <size>0x2d</size>
         <input_file_ref idref="fl-3"/>
      </object_component>
      <object_component id="oc-11d">
         <name>.debug_line</name>
         <load_address>0x11a8</load_address>
         <run_address>0x11a8</run_address>
         <size>0x2d</size>
         <input_file_ref idref="fl-3"/>
      </object_component>
      <object_component id="oc-11f">
         <name>.debug_line</name>
         <load_address>0x11d5</load_address>
         <run_address>0x11d5</run_address>
         <size>0x2d</size>
         <input_file_ref idref="fl-3"/>
      </object_component>
      <object_component id="oc-121">
         <name>.debug_line</name>
         <load_address>0x1202</load_address>
         <run_address>0x1202</run_address>
         <size>0x2d</size>
         <input_file_ref idref="fl-3"/>
      </object_component>
      <object_component id="oc-126">
         <name>.debug_line</name>
         <load_address>0x122f</load_address>
         <run_address>0x122f</run_address>
         <size>0x2d</size>
         <input_file_ref idref="fl-3"/>
      </object_component>
      <object_component id="oc-128">
         <name>.debug_line</name>
         <load_address>0x125c</load_address>
         <run_address>0x125c</run_address>
         <size>0x2d</size>
         <input_file_ref idref="fl-3"/>
      </object_component>
      <object_component id="oc-12a">
         <name>.debug_line</name>
         <load_address>0x1289</load_address>
         <run_address>0x1289</run_address>
         <size>0x2d</size>
         <input_file_ref idref="fl-3"/>
      </object_component>
      <object_component id="oc-12d">
         <name>.debug_line</name>
         <load_address>0x12b6</load_address>
         <run_address>0x12b6</run_address>
         <size>0x20</size>
         <input_file_ref idref="fl-142"/>
      </object_component>
      <object_component id="oc-12f">
         <name>.debug_line</name>
         <load_address>0x12d6</load_address>
         <run_address>0x12d6</run_address>
         <size>0x43</size>
         <input_file_ref idref="fl-139"/>
      </object_component>
      <object_component id="oc-132">
         <name>.debug_line</name>
         <load_address>0x1319</load_address>
         <run_address>0x1319</run_address>
         <size>0x20</size>
         <input_file_ref idref="fl-155"/>
      </object_component>
      <object_component id="oc-136">
         <name>.debug_line</name>
         <load_address>0x1339</load_address>
         <run_address>0x1339</run_address>
         <size>0xc8</size>
         <input_file_ref idref="fl-156"/>
      </object_component>
      <object_component id="oc-13a">
         <name>.debug_line</name>
         <load_address>0x1401</load_address>
         <run_address>0x1401</run_address>
         <size>0x85</size>
         <input_file_ref idref="fl-159"/>
      </object_component>
      <object_component id="oc-13f">
         <name>.debug_line</name>
         <load_address>0x1486</load_address>
         <run_address>0x1486</run_address>
         <size>0x6e</size>
         <input_file_ref idref="fl-159"/>
      </object_component>
      <object_component id="oc-145">
         <name>.debug_line</name>
         <load_address>0x14f4</load_address>
         <run_address>0x14f4</run_address>
         <size>0x40</size>
         <input_file_ref idref="fl-6"/>
      </object_component>
      <object_component id="oc-149">
         <name>.debug_line</name>
         <load_address>0x1534</load_address>
         <run_address>0x1534</run_address>
         <size>0x42</size>
         <input_file_ref idref="fl-6"/>
      </object_component>
      <object_component id="oc-150">
         <name>.debug_line</name>
         <load_address>0x1576</load_address>
         <run_address>0x1576</run_address>
         <size>0x6b</size>
         <input_file_ref idref="fl-159"/>
      </object_component>
      <object_component id="oc-162">
         <name>.debug_line</name>
         <load_address>0x15e1</load_address>
         <run_address>0x15e1</run_address>
         <size>0x6a</size>
         <input_file_ref idref="fl-15a"/>
      </object_component>
      <object_component id="oc-169">
         <name>.debug_line</name>
         <load_address>0x164b</load_address>
         <run_address>0x164b</run_address>
         <size>0x20</size>
         <input_file_ref idref="fl-2"/>
      </object_component>
      <object_component id="oc-16d">
         <name>.debug_line</name>
         <load_address>0x166b</load_address>
         <run_address>0x166b</run_address>
         <size>0x12f</size>
         <input_file_ref idref="fl-3"/>
      </object_component>
      <object_component id="oc-174">
         <name>.debug_line</name>
         <load_address>0x179a</load_address>
         <run_address>0x179a</run_address>
         <size>0x2e</size>
         <input_file_ref idref="fl-6"/>
      </object_component>
      <object_component id="oc-177">
         <name>.debug_line</name>
         <load_address>0x17c8</load_address>
         <run_address>0x17c8</run_address>
         <size>0x5b</size>
         <input_file_ref idref="fl-155"/>
      </object_component>
      <object_component id="oc-179">
         <name>.debug_line</name>
         <load_address>0x1823</load_address>
         <run_address>0x1823</run_address>
         <size>0x58</size>
         <input_file_ref idref="fl-156"/>
      </object_component>
      <object_component id="oc-17b">
         <name>.debug_line</name>
         <load_address>0x187b</load_address>
         <run_address>0x187b</run_address>
         <size>0x5b</size>
         <input_file_ref idref="fl-157"/>
      </object_component>
      <object_component id="oc-17d">
         <name>.debug_line</name>
         <load_address>0x18d6</load_address>
         <run_address>0x18d6</run_address>
         <size>0x55</size>
         <input_file_ref idref="fl-157"/>
      </object_component>
      <object_component id="oc-180">
         <name>.debug_line</name>
         <load_address>0x192b</load_address>
         <run_address>0x192b</run_address>
         <size>0x5b</size>
         <input_file_ref idref="fl-159"/>
      </object_component>
      <object_component id="oc-5">
         <name>.debug_aranges</name>
         <load_address>0x0</load_address>
         <run_address>0x0</run_address>
         <size>0x20</size>
         <input_file_ref idref="fl-135"/>
      </object_component>
      <object_component id="oc-9">
         <name>.debug_aranges</name>
         <load_address>0x20</load_address>
         <run_address>0x20</run_address>
         <size>0x20</size>
         <input_file_ref idref="fl-136"/>
      </object_component>
      <object_component id="oc-d">
         <name>.debug_aranges</name>
         <load_address>0x40</load_address>
         <run_address>0x40</run_address>
         <size>0x20</size>
         <input_file_ref idref="fl-138"/>
      </object_component>
      <object_component id="oc-11">
         <name>.debug_aranges</name>
         <load_address>0x60</load_address>
         <run_address>0x60</run_address>
         <size>0x20</size>
         <input_file_ref idref="fl-137"/>
      </object_component>
      <object_component id="oc-16">
         <name>.debug_aranges</name>
         <load_address>0x80</load_address>
         <run_address>0x80</run_address>
         <size>0x28</size>
         <input_file_ref idref="fl-146"/>
      </object_component>
      <object_component id="oc-1a">
         <name>.debug_aranges</name>
         <load_address>0xa8</load_address>
         <run_address>0xa8</run_address>
         <size>0x20</size>
         <input_file_ref idref="fl-144"/>
      </object_component>
      <object_component id="oc-1e">
         <name>.debug_aranges</name>
         <load_address>0xc8</load_address>
         <run_address>0xc8</run_address>
         <size>0x30</size>
         <input_file_ref idref="fl-139"/>
      </object_component>
      <object_component id="oc-25">
         <name>.debug_aranges</name>
         <load_address>0xf8</load_address>
         <run_address>0xf8</run_address>
         <size>0x20</size>
         <input_file_ref idref="fl-13e"/>
      </object_component>
      <object_component id="oc-35">
         <name>.debug_aranges</name>
         <load_address>0x118</load_address>
         <run_address>0x118</run_address>
         <size>0x20</size>
         <input_file_ref idref="fl-137"/>
      </object_component>
      <object_component id="oc-40">
         <name>.debug_aranges</name>
         <load_address>0x138</load_address>
         <run_address>0x138</run_address>
         <size>0x20</size>
         <input_file_ref idref="fl-147"/>
      </object_component>
      <object_component id="oc-45">
         <name>.debug_aranges</name>
         <load_address>0x158</load_address>
         <run_address>0x158</run_address>
         <size>0x20</size>
         <input_file_ref idref="fl-3"/>
      </object_component>
      <object_component id="oc-78">
         <name>.debug_aranges</name>
         <load_address>0x178</load_address>
         <run_address>0x178</run_address>
         <size>0x20</size>
         <input_file_ref idref="fl-156"/>
      </object_component>
      <object_component id="oc-7c">
         <name>.debug_aranges</name>
         <load_address>0x198</load_address>
         <run_address>0x198</run_address>
         <size>0x20</size>
         <input_file_ref idref="fl-3"/>
      </object_component>
      <object_component id="oc-80">
         <name>.debug_aranges</name>
         <load_address>0x1b8</load_address>
         <run_address>0x1b8</run_address>
         <size>0x20</size>
         <input_file_ref idref="fl-3"/>
      </object_component>
      <object_component id="oc-84">
         <name>.debug_aranges</name>
         <load_address>0x1d8</load_address>
         <run_address>0x1d8</run_address>
         <size>0x20</size>
         <input_file_ref idref="fl-3"/>
      </object_component>
      <object_component id="oc-88">
         <name>.debug_aranges</name>
         <load_address>0x1f8</load_address>
         <run_address>0x1f8</run_address>
         <size>0x20</size>
         <input_file_ref idref="fl-3"/>
      </object_component>
      <object_component id="oc-8d">
         <name>.debug_aranges</name>
         <load_address>0x218</load_address>
         <run_address>0x218</run_address>
         <size>0x20</size>
         <input_file_ref idref="fl-2"/>
      </object_component>
      <object_component id="oc-9f">
         <name>.debug_aranges</name>
         <load_address>0x238</load_address>
         <run_address>0x238</run_address>
         <size>0x20</size>
         <input_file_ref idref="fl-141"/>
      </object_component>
      <object_component id="oc-a3">
         <name>.debug_aranges</name>
         <load_address>0x258</load_address>
         <run_address>0x258</run_address>
         <size>0x20</size>
         <input_file_ref idref="fl-13b"/>
      </object_component>
      <object_component id="oc-a7">
         <name>.debug_aranges</name>
         <load_address>0x278</load_address>
         <run_address>0x278</run_address>
         <size>0x20</size>
         <input_file_ref idref="fl-13c"/>
      </object_component>
      <object_component id="oc-b7">
         <name>.debug_aranges</name>
         <load_address>0x298</load_address>
         <run_address>0x298</run_address>
         <size>0x30</size>
         <input_file_ref idref="fl-142"/>
      </object_component>
      <object_component id="oc-d4">
         <name>.debug_aranges</name>
         <load_address>0x2c8</load_address>
         <run_address>0x2c8</run_address>
         <size>0x20</size>
         <input_file_ref idref="fl-156"/>
      </object_component>
      <object_component id="oc-d9">
         <name>.debug_aranges</name>
         <load_address>0x2e8</load_address>
         <run_address>0x2e8</run_address>
         <size>0x20</size>
         <input_file_ref idref="fl-159"/>
      </object_component>
      <object_component id="oc-dd">
         <name>.debug_aranges</name>
         <load_address>0x308</load_address>
         <run_address>0x308</run_address>
         <size>0x20</size>
         <input_file_ref idref="fl-6"/>
      </object_component>
      <object_component id="oc-e2">
         <name>.debug_aranges</name>
         <load_address>0x328</load_address>
         <run_address>0x328</run_address>
         <size>0x20</size>
         <input_file_ref idref="fl-4"/>
      </object_component>
      <object_component id="oc-e6">
         <name>.debug_aranges</name>
         <load_address>0x348</load_address>
         <run_address>0x348</run_address>
         <size>0x20</size>
         <input_file_ref idref="fl-4"/>
      </object_component>
      <object_component id="oc-ed">
         <name>.debug_aranges</name>
         <load_address>0x368</load_address>
         <run_address>0x368</run_address>
         <size>0x20</size>
         <input_file_ref idref="fl-155"/>
      </object_component>
      <object_component id="oc-f2">
         <name>.debug_aranges</name>
         <load_address>0x388</load_address>
         <run_address>0x388</run_address>
         <size>0x20</size>
         <input_file_ref idref="fl-156"/>
      </object_component>
      <object_component id="oc-f7">
         <name>.debug_aranges</name>
         <load_address>0x3a8</load_address>
         <run_address>0x3a8</run_address>
         <size>0x20</size>
         <input_file_ref idref="fl-155"/>
      </object_component>
      <object_component id="oc-fc">
         <name>.debug_aranges</name>
         <load_address>0x3c8</load_address>
         <run_address>0x3c8</run_address>
         <size>0x20</size>
         <input_file_ref idref="fl-157"/>
      </object_component>
      <object_component id="oc-101">
         <name>.debug_aranges</name>
         <load_address>0x3e8</load_address>
         <run_address>0x3e8</run_address>
         <size>0x20</size>
         <input_file_ref idref="fl-155"/>
      </object_component>
      <object_component id="oc-106">
         <name>.debug_aranges</name>
         <load_address>0x408</load_address>
         <run_address>0x408</run_address>
         <size>0x20</size>
         <input_file_ref idref="fl-157"/>
      </object_component>
      <object_component id="oc-10b">
         <name>.debug_aranges</name>
         <load_address>0x428</load_address>
         <run_address>0x428</run_address>
         <size>0x20</size>
         <input_file_ref idref="fl-155"/>
      </object_component>
      <object_component id="oc-13c">
         <name>.debug_aranges</name>
         <load_address>0x448</load_address>
         <run_address>0x448</run_address>
         <size>0x20</size>
         <input_file_ref idref="fl-159"/>
      </object_component>
      <object_component id="oc-141">
         <name>.debug_aranges</name>
         <load_address>0x468</load_address>
         <run_address>0x468</run_address>
         <size>0x20</size>
         <input_file_ref idref="fl-159"/>
      </object_component>
      <object_component id="oc-146">
         <name>.debug_aranges</name>
         <load_address>0x488</load_address>
         <run_address>0x488</run_address>
         <size>0x20</size>
         <input_file_ref idref="fl-6"/>
      </object_component>
      <object_component id="oc-14a">
         <name>.debug_aranges</name>
         <load_address>0x4a8</load_address>
         <run_address>0x4a8</run_address>
         <size>0x20</size>
         <input_file_ref idref="fl-6"/>
      </object_component>
      <object_component id="oc-152">
         <name>.debug_aranges</name>
         <load_address>0x4c8</load_address>
         <run_address>0x4c8</run_address>
         <size>0x20</size>
         <input_file_ref idref="fl-159"/>
      </object_component>
      <object_component id="oc-164">
         <name>.debug_aranges</name>
         <load_address>0x4e8</load_address>
         <run_address>0x4e8</run_address>
         <size>0x20</size>
         <input_file_ref idref="fl-15a"/>
      </object_component>
      <object_component id="oc-12">
         <name>.stack</name>
         <uninitialized>true</uninitialized>
         <run_address>0x4bac</run_address>
         <size>0x0</size>
         <input_file_ref idref="fl-135"/>
      </object_component>
      <object_component id="oc-1a2">
         <name>.stack</name>
         <uninitialized>true</uninitialized>
         <run_address>0x4bac</run_address>
         <size>0x0</size>
      </object_component>
      <object_component id="oc-21">
         <name>.debug_abbrev</name>
         <load_address>0x0</load_address>
         <run_address>0x0</run_address>
         <size>0x40</size>
         <input_file_ref idref="fl-135"/>
      </object_component>
      <object_component id="oc-26">
         <name>.debug_abbrev</name>
         <load_address>0x40</load_address>
         <run_address>0x40</run_address>
         <size>0x6b</size>
         <input_file_ref idref="fl-136"/>
      </object_component>
      <object_component id="oc-28">
         <name>.debug_abbrev</name>
         <load_address>0xab</load_address>
         <run_address>0xab</run_address>
         <size>0x24</size>
         <input_file_ref idref="fl-136"/>
      </object_component>
      <object_component id="oc-2c">
         <name>.debug_abbrev</name>
         <load_address>0xcf</load_address>
         <run_address>0xcf</run_address>
         <size>0x85</size>
         <input_file_ref idref="fl-138"/>
      </object_component>
      <object_component id="oc-2e">
         <name>.debug_abbrev</name>
         <load_address>0x154</load_address>
         <run_address>0x154</run_address>
         <size>0x24</size>
         <input_file_ref idref="fl-138"/>
      </object_component>
      <object_component id="oc-36">
         <name>.debug_abbrev</name>
         <load_address>0x178</load_address>
         <run_address>0x178</run_address>
         <size>0x6b</size>
         <input_file_ref idref="fl-137"/>
      </object_component>
      <object_component id="oc-39">
         <name>.debug_abbrev</name>
         <load_address>0x1e3</load_address>
         <run_address>0x1e3</run_address>
         <size>0x24</size>
         <input_file_ref idref="fl-137"/>
      </object_component>
      <object_component id="oc-41">
         <name>.debug_abbrev</name>
         <load_address>0x207</load_address>
         <run_address>0x207</run_address>
         <size>0x86</size>
         <input_file_ref idref="fl-146"/>
      </object_component>
      <object_component id="oc-46">
         <name>.debug_abbrev</name>
         <load_address>0x28d</load_address>
         <run_address>0x28d</run_address>
         <size>0x5f</size>
         <input_file_ref idref="fl-144"/>
      </object_component>
      <object_component id="oc-48">
         <name>.debug_abbrev</name>
         <load_address>0x2ec</load_address>
         <run_address>0x2ec</run_address>
         <size>0x23</size>
         <input_file_ref idref="fl-13f"/>
      </object_component>
      <object_component id="oc-50">
         <name>.debug_abbrev</name>
         <load_address>0x30f</load_address>
         <run_address>0x30f</run_address>
         <size>0xd5</size>
         <input_file_ref idref="fl-139"/>
      </object_component>
[...]
            </allocated_space>
            <allocated_space>
               <start_address>0x2640</start_address>
               <size>0x144c</size>
               <logical_group_ref idref="lg-183"/>
            </allocated_space>
            <allocated_space>
               <start_address>0x3a8c</start_address>
               <size>0x1044</size>
               <logical_group_ref idref="lg-181"/>
            </allocated_space>
            <allocated_space>
               <start_address>0x4ad0</start_address>
               <size>0xdc</size>
               <logical_group_ref idref="lg-182"/>
            </allocated_space>
            <allocated_space>
               <start_address>0x4bac</start_address>
               <size>0x200</size>
               <logical_group_ref idref="lg-194"/>
            </allocated_space>
            <available_space>
               <start_address>0x4dac</start_address>
               <size>0x4</size>
            </available_space>
            <allocated_space>
               <start_address>0x4db0</start_address>
               <size>0x80</size>
               <logical_group_ref idref="lg-185"/>
            </allocated_space>
            <available_space>
               <start_address>0x4e30</start_address>
               <size>0xffffb1d0</size>
            </available_space>
         </usage_details>
      </memory_area>
   </placement_map>
   <cptbl_list>
      <cptbl>
         <name>__TI_cinit_table</name>
         <cprec>
            <name>.data</name>
            <load_address>0x4db0</load_address>
            <load_size>0x55</load_size>
            <run_address>0x2640</run_address>
            <run_size>0x144c</run_size>
            <compression>rle</compression>
         </cprec>
         <cprec>
            <name>.bss</name>
            <load_address>0x4e18</load_address>
            <load_size>0x8</load_size>
            <run_address>0x20</run_address>
            <run_size>0x2620</run_size>
            <compression>zero_init</compression>
         </cprec>
      </cptbl>
   </cptbl_list>
   <handler_table>
      <handler_table_name>__TI_handler_table</handler_table_name>
      <handler>
         <index>0x0</index>
         <name>__TI_decompress_rle24</name>
      </handler>
      <handler>
         <index>0x1</index>
         <name>__TI_decompress_none</name>
      </handler>
      <handler>
         <index>0x2</index>
         <name>__TI_zero_init</name>
      </handler>
   </handler_table>
   <symbol_table>
      <symbol id="sm-1">
         <name>__TI_CINIT_Base</name>
         <value>0x4e20</value>
      </symbol>
      <symbol id="sm-2">
         <name>__TI_CINIT_Limit</name>
         <value>0x4e30</value>
      </symbol>
      <symbol id="sm-3">
         <name>__TI_Handler_Table_Base</name>
         <value>0x4e08</value>
      </symbol>
      <symbol id="sm-4">
         <name>__TI_Handler_Table_Limit</name>
         <value>0x4e14</value>
      </symbol>
      <symbol id="sm-5">
         <name>binit</name>
         <value>0xffffffff</value>
      </symbol>
      <symbol id="sm-6">
         <name>__binit__</name>
         <value>0xffffffff</value>
      </symbol>
      <symbol id="sm-7">
         <name>__STACK_SIZE</name>
         <value>0x200</value>
      </symbol>
      <symbol id="sm-8">
         <name>__STACK_END</name>
         <value>0x4dac</value>
      </symbol>
      <symbol id="sm-9">
         <name>__c_args__</name>
         <value>0xffffffff</value>
      </symbol>
      <symbol id="sm-2e">
         <name>SquareRootRounded</name>
         <value>0x4921</value>
         <object_component_ref idref="oc-8a"/>
      </symbol>
      <symbol id="sm-e3">
         <name>Urms</name>
         <value>0x392c</value>
         <object_component_ref idref="oc-8e"/>
      </symbol>
      <symbol id="sm-e4">
         <name>tabWsp</name>
         <value>0x3a00</value>
         <object_component_ref idref="oc-92"/>
      </symbol>
      <symbol id="sm-e5">
         <name>temp</name>
         <value>0x25d8</value>
         <object_component_ref idref="oc-ac"/>
      </symbol>
      <symbol id="sm-e6">
         <name>tabIc20ms</name>
         <value>0x20</value>
         <object_component_ref idref="oc-96"/>
      </symbol>
      <symbol id="sm-e7">
         <name>tabIs20ms</name>
         <value>0x980</value>
         <object_component_ref idref="oc-98"/>
      </symbol>
      <symbol id="sm-e8">
         <name>tabUc20ms</name>
         <value>0x12e0</value>
         <object_component_ref idref="oc-a8"/>
      </symbol>
      <symbol id="sm-e9">
         <name>tabUs20ms</name>
         <value>0x1c40</value>
         <object_component_ref idref="oc-94"/>
      </symbol>
      <symbol id="sm-ea">
         <name>Ihnkwadrat</name>
         <value>0x3968</value>
         <object_component_ref idref="oc-8e"/>
      </symbol>
      <symbol id="sm-eb">
         <name>Uhnkwadrat</name>
         <value>0x3974</value>
         <object_component_ref idref="oc-8e"/>
      </symbol>
      <symbol id="sm-ec">
         <name>Irmsvalue</name>
         <value>0x39dc</value>
         <object_component_ref idref="oc-8e"/>
      </symbol>
      <symbol id="sm-ed">
         <name>Ih1value</name>
         <value>0x39d0</value>
         <object_component_ref idref="oc-8e"/>
      </symbol>
      <symbol id="sm-ee">
         <name>Irms</name>
         <value>0x3920</value>
         <object_component_ref idref="oc-8e"/>
      </symbol>
      <symbol id="sm-ef">
         <name>tekstLCD</name>
         <value>0x25e0</value>
         <object_component_ref idref="oc-ac"/>
      </symbol>
      <symbol id="sm-f0">
         <name>diffUsum3sek</name>
         <value>0x2614</value>
         <object_component_ref idref="oc-ac"/>
      </symbol>
      <symbol id="sm-f1">
         <name>flaga20ms</name>
         <value>0x39b0</value>
         <object_component_ref idref="oc-8e"/>
      </symbol>
      <symbol id="sm-f2">
         <name>U2</name>
         <value>0x2fa0</value>
         <object_component_ref idref="oc-aa"/>
      </symbol>
      <symbol id="sm-f3">
         <name>portConfig</name>
         <value>0x47dd</value>
         <object_component_ref idref="oc-79"/>
      </symbol>
      <symbol id="sm-f4">
         <name>Ih1kwadrat</name>
         <value>0x3938</value>
         <object_component_ref idref="oc-8e"/>
      </symbol>
      <symbol id="sm-f5">
         <name>Uh1kwadrat</name>
         <value>0x3944</value>
         <object_component_ref idref="oc-8e"/>
      </symbol>
      <symbol id="sm-f6">
         <name>diffUsum</name>
         <value>0x39f4</value>
         <object_component_ref idref="oc-8e"/>
      </symbol>
      <symbol id="sm-f7">
         <name>dTkanalu</name>
         <value>0x3918</value>
         <object_component_ref idref="oc-8e"/>
      </symbol>
      <symbol id="sm-f8">
         <name>Uhn</name>
         <value>0x398c</value>
         <object_component_ref idref="oc-8e"/>
      </symbol>
      <symbol id="sm-f9">
         <name>diffU</name>
         <value>0x2608</value>
         <object_component_ref idref="oc-ac"/>
      </symbol>
      <symbol id="sm-fa">
         <name>diffI</name>
         <value>0x25f0</value>
         <object_component_ref idref="oc-ac"/>
      </symbol>
      <symbol id="sm-fb">
         <name>Uh1</name>
         <value>0x395c</value>
         <object_component_ref idref="oc-8e"/>
      </symbol>
      <symbol id="sm-fc">
         <name>n</name>
         <value>0x399c</value>
         <object_component_ref idref="oc-8e"/>
      </symbol>
      <symbol id="sm-fd">
         <name>j</name>
         <value>0x39a8</value>
         <object_component_ref idref="oc-8e"/>
      </symbol>
      <symbol id="sm-fe">
         <name>i</name>
         <value>0x39a4</value>
         <object_component_ref idref="oc-8e"/>
      </symbol>
      <symbol id="sm-ff">
         <name>h</name>
         <value>0x39b4</value>
         <object_component_ref idref="oc-8e"/>
      </symbol>
      <symbol id="sm-100">
         <name>a</name>
         <value>0x39a0</value>
         <object_component_ref idref="oc-8e"/>
      </symbol>
      <symbol id="sm-101">
         <name>numerProbki</name>
         <value>0x3998</value>
         <object_component_ref idref="oc-8e"/>
      </symbol>
      <symbol id="sm-102">
         <name>diffIsum3sek</name>
         <value>0x25fc</value>
         <object_component_ref idref="oc-ac"/>
      </symbol>
      <symbol id="sm-103">
         <name>tabU</name>
         <value>0x25ac</value>
         <object_component_ref idref="oc-ac"/>
      </symbol>
      <symbol id="sm-104">
         <name>tabI</name>
         <value>0x25a0</value>
         <object_component_ref idref="oc-ac"/>
      </symbol>
      <symbol id="sm-105">
         <name>I2</name>
         <value>0x2640</value>
         <object_component_ref idref="oc-9a"/>
      </symbol>
      <symbol id="sm-106">
         <name>Urmsvalue</name>
         <value>0x39c4</value>
         <object_component_ref idref="oc-8e"/>
      </symbol>
      <symbol id="sm-107">
         <name>main</name>
         <value>0x3a8d</value>
         <object_component_ref idref="oc-42"/>
      </symbol>
      <symbol id="sm-108">
         <name>Uh1value</name>
         <value>0x39b8</value>
         <object_component_ref idref="oc-8e"/>
      </symbol>
      <symbol id="sm-109">
         <name>tabWspDt2</name>
         <value>0x3904</value>
         <object_component_ref idref="oc-8e"/>
      </symbol>
      <symbol id="sm-10a">
         <name>setTimer</name>
         <value>0x46f5</value>
         <object_component_ref idref="oc-85"/>
      </symbol>
      <symbol id="sm-10b">
         <name>Ihn</name>
         <value>0x3980</value>
         <object_component_ref idref="oc-8e"/>
      </symbol>
      <symbol id="sm-10c">
         <name>Ih1</name>
         <value>0x3950</value>
         <object_component_ref idref="oc-8e"/>
      </symbol>
      <symbol id="sm-10d">
         <name>setFPU</name>
         <value>0x4a2d</value>
         <object_component_ref idref="oc-81"/>
      </symbol>
      <symbol id="sm-10e">
         <name>bufor</name>
         <value>0x39ac</value>
         <object_component_ref idref="oc-8e"/>
      </symbol>
      <symbol id="sm-10f">
         <name>dTsekwencera</name>
         <value>0x391c</value>
         <object_component_ref idref="oc-8e"/>
      </symbol>
      <symbol id="sm-110">
         <name>tabWspDt</name>
         <value>0x3a3c</value>
         <object_component_ref idref="oc-90"/>
      </symbol>
      <symbol id="sm-111">
         <name>SW1on</name>
         <value>0x3900</value>
         <object_component_ref idref="oc-8e"/>
      </symbol>
      <symbol id="sm-112">
         <name>THDu</name>
         <value>0x262c</value>
         <object_component_ref idref="oc-ac"/>
      </symbol>
      <symbol id="sm-113">
         <name>THDi</name>
         <value>0x2620</value>
         <object_component_ref idref="oc-ac"/>
      </symbol>
      <symbol id="sm-114">
         <name>ui32Period</name>
         <value>0x25d0</value>
         <object_component_ref idref="oc-ac"/>
      </symbol>
      <symbol id="sm-115">
         <name>lcdConfig</name>
         <value>0x4a93</value>
         <object_component_ref idref="oc-7d"/>
      </symbol>
      <symbol id="sm-116">
         <name>tabdU</name>
         <value>0x25c4</value>
         <object_component_ref idref="oc-ac"/>
      </symbol>
      <symbol id="sm-117">
         <name>tabdI</name>
         <value>0x25b8</value>
         <object_component_ref idref="oc-ac"/>
      </symbol>
      <symbol id="sm-118">
         <name>time</name>
         <value>0x25d4</value>
         <object_component_ref idref="oc-ac"/>
      </symbol>
      <symbol id="sm-119">
         <name>diffIsum</name>
         <value>0x39e8</value>
         <object_component_ref idref="oc-8e"/>
      </symbol>
      <symbol id="sm-130">
         <name>LCDCommand</name>
         <value>0x45b1</value>
         <object_component_ref idref="oc-e3"/>
      </symbol>
      <symbol id="sm-131">
         <name>initLCD</name>
         <value>0x4041</value>
         <object_component_ref idref="oc-df"/>
      </symbol>
      <symbol id="sm-153">
         <name>k</name>
         <value>0x263c</value>
         <object_component_ref idref="oc-14b"/>
      </symbol>
      <symbol id="sm-154">
         <name>GPIOE_ANALOG_INIT</name>
         <value>0x48e5</value>
         <object_component_ref idref="oc-147"/>
      </symbol>
      <symbol id="sm-155">
         <name>delay</name>
         <value>0x2638</value>
         <object_component_ref idref="oc-14b"/>
      </symbol>
      <symbol id="sm-156">
         <name>ADC0_InitSeq1</name>
         <value>0x423d</value>
         <object_component_ref idref="oc-da"/>
      </symbol>
      <symbol id="sm-157">
         <name>GPIOD_ANALOG_INIT</name>
         <value>0x4865</value>
         <object_component_ref idref="oc-143"/>
      </symbol>
      <symbol id="sm-168">
         <name>_c_int00</name>
         <value>0x4795</value>
         <object_component_ref idref="oc-2"/>
      </symbol>
      <symbol id="sm-169">
         <name>__stack</name>
         <value>0x4bac</value>
         <object_component_ref idref="oc-12"/>
      </symbol>
      <symbol id="sm-183">
         <name>__TI_decompress_none</name>
         <value>0x4a85</value>
         <object_component_ref idref="oc-6"/>
      </symbol>
      <symbol id="sm-1ad">
         <name>__TI_decompress_rle24</name>
         <value>0x4acb</value>
         <object_component_ref idref="oc-e"/>
      </symbol>
      <symbol id="sm-1bf">
         <name>__TI_zero_init</name>
         <value>0x4a65</value>
         <object_component_ref idref="oc-a"/>
      </symbol>
      <symbol id="sm-1da">
         <name>C$$EXIT</name>
         <value>0x48a5</value>
         <object_component_ref idref="oc-1b"/>
      </symbol>
      <symbol id="sm-1db">
         <name>_dtors_ptr</name>
         <value>0x3a84</value>
         <object_component_ref idref="oc-4e"/>
      </symbol>
      <symbol id="sm-1dc">
         <name>abort</name>
         <value>0x48a9</value>
         <object_component_ref idref="oc-1b"/>
      </symbol>
      <symbol id="sm-1dd">
         <name>_cleanup_ptr</name>
         <value>0x3a80</value>
         <object_component_ref idref="oc-4e"/>
      </symbol>
      <symbol id="sm-1de">
         <name>exit</name>
         <value>0x48b1</value>
         <object_component_ref idref="oc-1b"/>
      </symbol>
      <symbol id="sm-1e9">
         <name>__aeabi_dmul</name>
         <value>0x4141</value>
         <object_component_ref idref="oc-a0"/>
      </symbol>
      <symbol id="sm-1f2">
         <name>__aeabi_d2f</name>
         <value>0x4749</value>
         <object_component_ref idref="oc-a4"/>
      </symbol>
      <symbol id="sm-208">
         <name>memcpy</name>
         <value>0x4481</value>
         <object_component_ref idref="oc-22"/>
      </symbol>
      <symbol id="sm-209">
         <name>__aeabi_memcpy</name>
         <value>0x4481</value>
         <object_component_ref idref="oc-22"/>
      </symbol>
      <symbol id="sm-20a">
         <name>__aeabi_memcpy8</name>
         <value>0x4481</value>
         <object_component_ref idref="oc-22"/>
      </symbol>
      <symbol id="sm-20b">
         <name>__aeabi_memcpy4</name>
         <value>0x4481</value>
         <object_component_ref idref="oc-22"/>
      </symbol>
      <symbol id="sm-21d">
         <name>main_func_sp</name>
         <value>0x3a88</value>
         <object_component_ref idref="oc-1f"/>
      </symbol>
      <symbol id="sm-226">
         <name>__aeabi_ui2d</name>
         <value>0x49e1</value>
         <object_component_ref idref="oc-9c"/>
      </symbol>
      <symbol id="sm-23b">
         <name>_nop</name>
         <value>0x4a27</value>
         <object_component_ref idref="oc-b4"/>
      </symbol>
      <symbol id="sm-23c">
         <name>_lock</name>
         <value>0x3a78</value>
         <object_component_ref idref="oc-4c"/>
      </symbol>
      <symbol id="sm-23d">
         <name>_unlock</name>
         <value>0x3a7c</value>
         <object_component_ref idref="oc-4c"/>
      </symbol>
      <symbol id="sm-23e">
         <name>_register_lock</name>
         <value>0x4a1f</value>
         <object_component_ref idref="oc-b4"/>
      </symbol>
      <symbol id="sm-23f">
         <name>_register_unlock</name>
         <value>0x4a19</value>
         <object_component_ref idref="oc-b4"/>
      </symbol>
      <symbol id="sm-24a">
         <name>_args_main</name>
         <value>0x4a01</value>
         <object_component_ref idref="oc-17"/>
      </symbol>
      <symbol id="sm-265">
         <name>__TI_auto_init</name>
         <value>0x451d</value>
         <object_component_ref idref="oc-13"/>
      </symbol>
      <symbol id="sm-27c">
         <name>copy_in</name>
         <value>0x4821</value>
         <object_component_ref idref="oc-3d"/>
      </symbol>
      <symbol id="sm-2b6">
         <name>TimerLoadSet</name>
         <value>0x4a53</value>
         <object_component_ref idref="oc-f3"/>
      </symbol>
      <symbol id="sm-2b7">
         <name>TimerEnable</name>
         <value>0x4a77</value>
         <object_component_ref idref="oc-107"/>
      </symbol>
      <symbol id="sm-2b8">
         <name>TimerIntEnable</name>
         <value>0x4ab7</value>
         <object_component_ref idref="oc-fd"/>
      </symbol>
      <symbol id="sm-2b9">
         <name>TimerConfigure</name>
         <value>0x49b9</value>
         <object_component_ref idref="oc-e9"/>
      </symbol>
      <symbol id="sm-2fd">
         <name>SysCtlClockSet</name>
         <value>0x3f3d</value>
         <object_component_ref idref="oc-74"/>
      </symbol>
      <symbol id="sm-2fe">
         <name>SysCtlDelay</name>
         <value>0x4ac5</value>
         <object_component_ref idref="oc-89"/>
      </symbol>
      <symbol id="sm-2ff">
         <name>SysCtlPeripheralEnable</name>
         <value>0x4959</value>
         <object_component_ref idref="oc-d0"/>
      </symbol>
      <symbol id="sm-300">
         <name>SysCtlClockGet</name>
         <value>0x43cd</value>
         <object_component_ref idref="oc-ee"/>
      </symbol>
      <symbol id="sm-32b">
         <name>IntEnable</name>
         <value>0x4635</value>
         <object_component_ref idref="oc-f8"/>
      </symbol>
      <symbol id="sm-32c">
         <name>IntMasterEnable</name>
         <value>0x4aad</value>
         <object_component_ref idref="oc-102"/>
      </symbol>
      <symbol id="sm-34e">
         <name>GPIOPinTypeGPIOOutput</name>
         <value>0x4a41</value>
         <object_component_ref idref="oc-d5"/>
      </symbol>
      <symbol id="sm-34f">
         <name>GPIODirModeSet</name>
         <value>0x498d</value>
         <object_component_ref idref="oc-13d"/>
      </symbol>
      <symbol id="sm-350">
         <name>GPIOPinWrite</name>
         <value>0x4abf</value>
         <object_component_ref idref="oc-14e"/>
      </symbol>
      <symbol id="sm-351">
         <name>GPIOPadConfigSet</name>
         <value>0x4315</value>
         <object_component_ref idref="oc-138"/>
      </symbol>
      <symbol id="sm-35a">
         <name>CPUcpsie</name>
         <value>0x4aa1</value>
         <object_component_ref idref="oc-160"/>
      </symbol>
      <symbol id="sm-35b">
         <name>__TI_static_base__</name>
         <value>0x4db0</value>
      </symbol>
      <symbol id="sm-35c">
         <name>__TI_args_main</name>
         <value>0x1</value>
      </symbol>
      <symbol id="sm-35d">
         <name>SHT$$INIT_ARRAY$$Limit</name>
         <value>0x0</value>
      </symbol>
      <symbol id="sm-35e">
         <name>SHT$$INIT_ARRAY$$Base</name>
         <value>0x0</value>
      </symbol>
      <symbol id="sm-362">
         <name>ADC_0_1_InitSeq012</name>
         <value>0x423d</value>
      </symbol>
   </symbol_table>
</link_info>
